Archive member included to satisfy reference by file (symbol)

/Applications/STM32CubeIDE.app/Contents/Eclipse/plugins/com.st.stm32cube.ide.mcu.externaltools.gnu-tools-for-stm32.11.3.rel1.macos64_1.1.100.202310310803/tools/bin/../lib/gcc/arm-none-eabi/11.3.1/../../../../arm-none-eabi/lib/thumb/v7e-m+fp/hard/libc_nano.a(libc_a-exit.o)
                              /Applications/STM32CubeIDE.app/Contents/Eclipse/plugins/com.st.stm32cube.ide.mcu.externaltools.gnu-tools-for-stm32.11.3.rel1.macos64_1.1.100.202310310803/tools/bin/../lib/gcc/arm-none-eabi/11.3.1/../../../../arm-none-eabi/lib/thumb/v7e-m+fp/hard/crt0.o (exit)
/Applications/STM32CubeIDE.app/Contents/Eclipse/plugins/com.st.stm32cube.ide.mcu.externaltools.gnu-tools-for-stm32.11.3.rel1.macos64_1.1.100.202310310803/tools/bin/../lib/gcc/arm-none-eabi/11.3.1/../../../../arm-none-eabi/lib/thumb/v7e-m+fp/hard/libc_nano.a(libc_a-snprintf.o)
                              ./Core/Src/main.o (snprintf)
/Applications/STM32CubeIDE.app/Contents/Eclipse/plugins/com.st.stm32cube.ide.mcu.externaltools.gnu-tools-for-stm32.11.3.rel1.macos64_1.1.100.202310310803/tools/bin/../lib/gcc/arm-none-eabi/11.3.1/../../../../arm-none-eabi/lib/thumb/v7e-m+fp/hard/libc_nano.a(libc_a-findfp.o)
                              /Applications/STM32CubeIDE.app/Contents/Eclipse/plugins/com.st.stm32cube.ide.mcu.externaltools.gnu-tools-for-stm32.11.3.rel1.macos64_1.1.100.202310310803/tools/bin/../lib/gcc/arm-none-eabi/11.3.1/../../../../arm-none-eabi/lib/thumb/v7e-m+fp/hard/libc_nano.a(libc_a-exit.o) (__stdio_exit_handler)
/Applications/STM32CubeIDE.app/Contents/Eclipse/plugins/com.st.stm32cube.ide.mcu.externaltools.gnu-tools-for-stm32.11.3.rel1.macos64_1.1.100.202310310803/tools/bin/../lib/gcc/arm-none-eabi/11.3.1/../../../../arm-none-eabi/lib/thumb/v7e-m+fp/hard/libc_nano.a(libc_a-fwalk.o)
                              /Applications/STM32CubeIDE.app/Contents/Eclipse/plugins/com.st.stm32cube.ide.mcu.externaltools.gnu-tools-for-stm32.11.3.rel1.macos64_1.1.100.202310310803/tools/bin/../lib/gcc/arm-none-eabi/11.3.1/../../../../arm-none-eabi/lib/thumb/v7e-m+fp/hard/libc_nano.a(libc_a-findfp.o) (_fwalk_sglue)
/Applications/STM32CubeIDE.app/Contents/Eclipse/plugins/com.st.stm32cube.ide.mcu.externaltools.gnu-tools-for-stm32.11.3.rel1.macos64_1.1.100.202310310803/tools/bin/../lib/gcc/arm-none-eabi/11.3.1/../../../../arm-none-eabi/lib/thumb/v7e-m+fp/hard/libc_nano.a(libc_a-memset.o)
                              /Applications/STM32CubeIDE.app/Contents/Eclipse/plugins/com.st.stm32cube.ide.mcu.externaltools.gnu-tools-for-stm32.11.3.rel1.macos64_1.1.100.202310310803/tools/bin/../lib/gcc/arm-none-eabi/11.3.1/../../../../arm-none-eabi/lib/thumb/v7e-m+fp/hard/crt0.o (memset)
/Applications/STM32CubeIDE.app/Contents/Eclipse/plugins/com.st.stm32cube.ide.mcu.externaltools.gnu-tools-for-stm32.11.3.rel1.macos64_1.1.100.202310310803/tools/bin/../lib/gcc/arm-none-eabi/11.3.1/../../../../arm-none-eabi/lib/thumb/v7e-m+fp/hard/libc_nano.a(libc_a-impure.o)
                              /Applications/STM32CubeIDE.app/Contents/Eclipse/plugins/com.st.stm32cube.ide.mcu.externaltools.gnu-tools-for-stm32.11.3.rel1.macos64_1.1.100.202310310803/tools/bin/../lib/gcc/arm-none-eabi/11.3.1/../../../../arm-none-eabi/lib/thumb/v7e-m+fp/hard/libc_nano.a(libc_a-snprintf.o) (_impure_ptr)
/Applications/STM32CubeIDE.app/Contents/Eclipse/plugins/com.st.stm32cube.ide.mcu.externaltools.gnu-tools-for-stm32.11.3.rel1.macos64_1.1.100.202310310803/tools/bin/../lib/gcc/arm-none-eabi/11.3.1/../../../../arm-none-eabi/lib/thumb/v7e-m+fp/hard/libc_nano.a(libc_a-errno.o)
                              ./Core/Src/syscalls.o (__errno)
/Applications/STM32CubeIDE.app/Contents/Eclipse/plugins/com.st.stm32cube.ide.mcu.externaltools.gnu-tools-for-stm32.11.3.rel1.macos64_1.1.100.202310310803/tools/bin/../lib/gcc/arm-none-eabi/11.3.1/../../../../arm-none-eabi/lib/thumb/v7e-m+fp/hard/libc_nano.a(libc_a-init.o)
                              /Applications/STM32CubeIDE.app/Contents/Eclipse/plugins/com.st.stm32cube.ide.mcu.externaltools.gnu-tools-for-stm32.11.3.rel1.macos64_1.1.100.202310310803/tools/bin/../lib/gcc/arm-none-eabi/11.3.1/../../../../arm-none-eabi/lib/thumb/v7e-m+fp/hard/crt0.o (__libc_init_array)
/Applications/STM32CubeIDE.app/Contents/Eclipse/plugins/com.st.stm32cube.ide.mcu.externaltools.gnu-tools-for-stm32.11.3.rel1.macos64_1.1.100.202310310803/tools/bin/../lib/gcc/arm-none-eabi/11.3.1/../../../../arm-none-eabi/lib/thumb/v7e-m+fp/hard/libc_nano.a(libc_a-lock.o)
                              /Applications/STM32CubeIDE.app/Contents/Eclipse/plugins/com.st.stm32cube.ide.mcu.externaltools.gnu-tools-for-stm32.11.3.rel1.macos64_1.1.100.202310310803/tools/bin/../lib/gcc/arm-none-eabi/11.3.1/../../../../arm-none-eabi/lib/thumb/v7e-m+fp/hard/libc_nano.a(libc_a-findfp.o) (__retarget_lock_init_recursive)
[...]
Memory Configuration

Name             Origin             Length             Attributes
CCMRAM           0x0000000010000000 0x0000000000010000 xrw
RAM              0x0000000020000000 0x0000000000020000 xrw
FLASH            0x0000000008000000 0x0000000000080000 xr
*default*        0x0000000000000000 0xffffffffffffffff

Linker script and memory map

LOAD /Applications/STM32CubeIDE.app/Contents/Eclipse/plugins/com.st.stm32cube.ide.mcu.externaltools.gnu-tools-for-stm32.11.3.rel1.macos64_1.1.100.202310310803/tools/bin/../lib/gcc/arm-none-eabi/11.3.1/thumb/v7e-m+fp/hard/crti.o
LOAD /Applications/STM32CubeIDE.app/Contents/Eclipse/plugins/com.st.stm32cube.ide.mcu.externaltools.gnu-tools-for-stm32.11.3.rel1.macos64_1.1.100.202310310803/tools/bin/../lib/gcc/arm-none-eabi/11.3.1/thumb/v7e-m+fp/hard/crtbegin.o
LOAD /Applications/STM32CubeIDE.app/Contents/Eclipse/plugins/com.st.stm32cube.ide.mcu.externaltools.gnu-tools-for-stm32.11.3.rel1.macos64_1.1.100.202310310803/tools/bin/../lib/gcc/arm-none-eabi/11.3.1/../../../../arm-none-eabi/lib/thumb/v7e-m+fp/hard/crt0.o
LOAD ./Core/Src/freertos.o
LOAD ./Core/Src/main.o
LOAD ./Core/Src/stm32f4xx_hal_msp.o
LOAD ./Core/Src/stm32f4xx_it.o
LOAD ./Core/Src/syscalls.o
LOAD ./Core/Src/sysmem.o
LOAD ./Core/Src/system_stm32f4xx.o
LOAD ./Core/Startup/startup_stm32f407vetx.o
LOAD ./Drivers/STM32F4xx_HAL_Driver/Src/stm32f4xx_hal.o
LOAD ./Drivers/STM32F4xx_HAL_Driver/Src/stm32f4xx_hal_adc.o
LOAD ./Drivers/STM32F4xx_HAL_Driver/Src/stm32f4xx_hal_adc_ex.o
LOAD ./Drivers/STM32F4xx_HAL_Driver/Src/stm32f4xx_hal_cortex.o
LOAD ./Drivers/STM32F4xx_HAL_Driver/Src/stm32f4xx_hal_dma.o
LOAD ./Drivers/STM32F4xx_HAL_Driver/Src/stm32f4xx_hal_dma_ex.o
LOAD ./Drivers/STM32F4xx_HAL_Driver/Src/stm32f4xx_hal_exti.o
LOAD ./Drivers/STM32F4xx_HAL_Driver/Src/stm32f4xx_hal_flash.o
LOAD ./Drivers/STM32F4xx_HAL_Driver/Src/stm32f4xx_hal_flash_ex.o
LOAD ./Drivers/STM32F4xx_HAL_Driver/Src/stm32f4xx_hal_flash_ramfunc.o
LOAD ./Drivers/STM32F4xx_HAL_Driver/Src/stm32f4xx_hal_gpio.o
LOAD ./Drivers/STM32F4xx_HAL_Driver/Src/stm32f4xx_hal_i2c.o
LOAD ./Drivers/STM32F4xx_HAL_Driver/Src/stm32f4xx_hal_i2c_ex.o
LOAD ./Drivers/STM32F4xx_HAL_Driver/Src/stm32f4xx_hal_pwr.o
LOAD ./Drivers/STM32F4xx_HAL_Driver/Src/stm32f4xx_hal_pwr_ex.o
LOAD ./Drivers/STM32F4xx_HAL_Driver/Src/stm32f4xx_hal_rcc.o
LOAD ./Drivers/STM32F4xx_HAL_Driver/Src/stm32f4xx_hal_rcc_ex.o
LOAD ./Drivers/STM32F4xx_HAL_Driver/Src/stm32f4xx_hal_tim.o
LOAD ./Drivers/STM32F4xx_HAL_Driver/Src/stm32f4xx_hal_tim_ex.o
LOAD ./Drivers/STM32F4xx_HAL_Driver/Src/stm32f4xx_hal_uart.o
LOAD ./Drivers/STM32F4xx_HAL_Driver/Src/stm32f4xx_ll_adc.o
LOAD ./Middlewares/Third_Party/FreeRTOS/Source/CMSIS_RTOS_V2/cmsis_os2.o
LOAD ./Middlewares/Third_Party/FreeRTOS/Source/croutine.o
LOAD ./Middlewares/Third_Party/FreeRTOS/Source/event_groups.o
LOAD ./Middlewares/Third_Party/FreeRTOS/Source/list.o
LOAD ./Middlewares/Third_Party/FreeRTOS/Source/queue.o
LOAD ./Middlewares/Third_Party/FreeRTOS/Source/stream_buffer.o
LOAD ./Middlewares/Third_Party/FreeRTOS/Source/tasks.o
LOAD ./Middlewares/Third_Party/FreeRTOS/Source/timers.o
LOAD ./Middlewares/Third_Party/FreeRTOS/Source/portable/GCC/ARM_CM4F/port.o
LOAD ./Middlewares/Third_Party/FreeRTOS/Source/portable/MemMang/heap_4.o
LOAD ./PeripheralDrivers/Src/ICM20948.o
LOAD ./PeripheralDrivers/Src/oled.o
START GROUP
LOAD /Applications/STM32CubeIDE.app/Contents/Eclipse/plugins/com.st.stm32cube.ide.mcu.externaltools.gnu-tools-for-stm32.11.3.rel1.macos64_1.1.100.202310310803/tools/bin/../lib/gcc/arm-none-eabi/11.3.1/../../../../arm-none-eabi/lib/thumb/v7e-m+fp/hard/libc_nano.a
LOAD /Applications/STM32CubeIDE.app/Contents/Eclipse/plugins/com.st.stm32cube.ide.mcu.externaltools.gnu-tools-for-stm32.11.3.rel1.macos64_1.1.100.202310310803/tools/bin/../lib/gcc/arm-none-eabi/11.3.1/../../../../arm-none-eabi/lib/thumb/v7e-m+fp/hard/libm.a
END GROUP
START GROUP
LOAD /Applications/STM32CubeIDE.app/Contents/Eclipse/plugins/com.st.stm32cube.ide.mcu.externaltools.gnu-tools-for-stm32.11.3.rel1.macos64_1.1.100.202310310803/tools/bin/../lib/gcc/arm-none-eabi/11.3.1/thumb/v7e-m+fp/hard/libgcc.a
LOAD /Applications/STM32CubeIDE.app/Contents/Eclipse/plugins/com.st.stm32cube.ide.mcu.externaltools.gnu-tools-for-stm32.11.3.rel1.macos64_1.1.100.202310310803/tools/bin/../lib/gcc/arm-none-eabi/11.3.1/../../../../arm-none-eabi/lib/thumb/v7e-m+fp/hard/libc_nano.a
END GROUP
START GROUP
LOAD /Applications/STM32CubeIDE.app/Contents/Eclipse/plugins/com.st.stm32cube.ide.mcu.externaltools.gnu-tools-for-stm32.11.3.rel1.macos64_1.1.100.202310310803/tools/bin/../lib/gcc/arm-none-eabi/11.3.1/thumb/v7e-m+fp/hard/libgcc.a
LOAD /Applications/STM32CubeIDE.app/Contents/Eclipse/plugins/com.st.stm32cube.ide.mcu.externaltools.gnu-tools-for-stm32.11.3.rel1.macos64_1.1.100.202310310803/tools/bin/../lib/gcc/arm-none-eabi/11.3.1/../../../../arm-none-eabi/lib/thumb/v7e-m+fp/hard/libc_nano.a
LOAD /Applications/STM32CubeIDE.app/Contents/Eclipse/plugins/com.st.stm32cube.ide.mcu.externaltools.gnu-tools-for-stm32.11.3.rel1.macos64_1.1.100.202310310803/tools/bin/../lib/gcc/arm-none-eabi/11.3.1/../../../../arm-none-eabi/lib/thumb/v7e-m+fp/hard/libnosys.a
END GROUP
START GROUP
LOAD /Applications/STM32CubeIDE.app/Contents/Eclipse/plugins/com.st.stm32cube.ide.mcu.externaltools.gnu-tools-for-stm32.11.3.rel1.macos64_1.1.100.202310310803/tools/bin/../lib/gcc/arm-none-eabi/11.3.1/thumb/v7e-m+fp/hard/libgcc.a
LOAD /Applications/STM32CubeIDE.app/Contents/Eclipse/plugins/com.st.stm32cube.ide.mcu.externaltools.gnu-tools-for-stm32.11.3.rel1.macos64_1.1.100.202310310803/tools/bin/../lib/gcc/arm-none-eabi/11.3.1/../../../../arm-none-eabi/lib/thumb/v7e-m+fp/hard/libc_nano.a
LOAD /Applications/STM32CubeIDE.app/Contents/Eclipse/plugins/com.st.stm32cube.ide.mcu.externaltools.gnu-tools-for-stm32.11.3.rel1.macos64_1.1.100.202310310803/tools/bin/../lib/gcc/arm-none-eabi/11.3.1/../../../../arm-none-eabi/lib/thumb/v7e-m+fp/hard/libnosys.a
END GROUP
LOAD /Applications/STM32CubeIDE.app/Contents/Eclipse/plugins/com.st.stm32cube.ide.mcu.externaltools.gnu-tools-for-stm32.11.3.rel1.macos64_1.1.100.202310310803/tools/bin/../lib/gcc/arm-none-eabi/11.3.1/thumb/v7e-m+fp/hard/crtend.o
LOAD /Applications/STM32CubeIDE.app/Contents/Eclipse/plugins/com.st.stm32cube.ide.mcu.externaltools.gnu-tools-for-stm32.11.3.rel1.macos64_1.1.100.202310310803/tools/bin/../lib/gcc/arm-none-eabi/11.3.1/thumb/v7e-m+fp/hard/crtn.o
                0x0000000020020000                _estack = (ORIGIN (RAM) + LENGTH (RAM))
                0x0000000000000200                _Min_Heap_Size = 0x200
                0x0000000000000400                _Min_Stack_Size = 0x400

.isr_vector     0x0000000008000000      0x188
                0x0000000008000000                . = ALIGN (0x4)
 *(.isr_vector)
 .isr_vector    0x0000000008000000      0x188 ./Core/Startup/startup_stm32f407vetx.o
                0x0000000008000000                g_pfnVectors
                0x0000000008000188                . = ALIGN (0x4)

.text           0x0000000008000190     0xfff0
                0x0000000008000190                . = ALIGN (0x4)
 *(.text)
 .text          0x0000000008000190       0x40 /Applications/STM32CubeIDE.app/Contents/Eclipse/plugins/com.st.stm32cube.ide.mcu.externaltools.gnu-tools-for-stm32.11.3.rel1.macos64_1.1.100.202310310803/tools/bin/../lib/gcc/arm-none-eabi/11.3.1/thumb/v7e-m+fp/hard/crtbegin.o
 .text          0x00000000080001d0       0xa0 /Applications/STM32CubeIDE.app/Contents/Eclipse/plugins/com.st.stm32cube.ide.mcu.externaltools.gnu-tools-for-stm32.11.3.rel1.macos64_1.1.100.202310310803/tools/bin/../lib/gcc/arm-none-eabi/11.3.1/../../../../arm-none-eabi/lib/thumb/v7e-m+fp/hard/libc_nano.a(libc_a-memchr.o)
                0x00000000080001d0                memchr
 .text          0x0000000008000270      0x378 /Applications/STM32CubeIDE.app/Contents/Eclipse/plugins/com.st.stm32cube.ide.mcu.externaltools.gnu-tools-for-stm32.11.3.rel1.macos64_1.1.100.202310310803/tools/bin/../lib/gcc/arm-none-eabi/11.3.1/thumb/v7e-m+fp/hard/libgcc.a(_arm_addsubdf3.o)
                0x0000000008000270                __aeabi_drsub
                0x0000000008000278                __subdf3
                0x0000000008000278                __aeabi_dsub
                0x000000000800027c                __aeabi_dadd
                0x000000000800027c                __adddf3
                0x00000000080004f4                __aeabi_ui2d
                0x00000000080004f4                __floatunsidf
                0x0000000008000514                __floatsidf
                0x0000000008000514                __aeabi_i2d
                0x0000000008000538                __extendsfdf2
                0x0000000008000538                __aeabi_f2d
                0x000000000800057c                __aeabi_ul2d
                0x000000000800057c                __floatundidf
                0x000000000800058c                __aeabi_l2d
                0x000000000800058c                __floatdidf
 .text          0x00000000080005e8      0x424 /Applications/STM32CubeIDE.app/Contents/Eclipse/plugins/com.st.stm32cube.ide.mcu.externaltools.gnu-tools-for-stm32.11.3.rel1.macos64_1.1.100.202310310803/tools/bin/../lib/gcc/arm-none-eabi/11.3.1/thumb/v7e-m+fp/hard/libgcc.a(_arm_muldivdf3.o)
                0x00000000080005e8                __aeabi_dmul
                0x00000000080005e8                __muldf3
                0x000000000800083c                __aeabi_ddiv
                0x000000000800083c                __divdf3
 .text          0x0000000008000a0c      0x110 /Applications/STM32CubeIDE.app/Contents/Eclipse/plugins/com.st.stm32cube.ide.mcu.externaltools.gnu-tools-for-stm32.11.3.rel1.macos64_1.1.100.202310310803/tools/bin/../lib/gcc/arm-none-eabi/11.3.1/thumb/v7e-m+fp/hard/libgcc.a(_arm_cmpdf2.o)
                0x0000000008000a0c                __gedf2
                0x0000000008000a0c                __gtdf2
                0x0000000008000a14                __ledf2
                0x0000000008000a14                __ltdf2
                0x0000000008000a1c                __cmpdf2
                0x0000000008000a1c                __eqdf2
                0x0000000008000a1c                __nedf2
                0x0000000008000a98                __aeabi_cdrcmple
                0x0000000008000aa8                __aeabi_cdcmple
                0x0000000008000aa8                __aeabi_cdcmpeq
                0x0000000008000ab8                __aeabi_dcmpeq
                0x0000000008000acc                __aeabi_dcmplt
                0x0000000008000ae0                __aeabi_dcmple
                0x0000000008000af4                __aeabi_dcmpge
                0x0000000008000b08                __aeabi_dcmpgt
 .text          0x0000000008000b1c       0x40 /Applications/STM32CubeIDE.app/Contents/Eclipse/plugins/com.st.stm32cube.ide.mcu.externaltools.gnu-tools-for-stm32.11.3.rel1.macos64_1.1.100.202310310803/tools/bin/../lib/gcc/arm-none-eabi/11.3.1/thumb/v7e-m+fp/hard/libgcc.a(_arm_fixunsdfsi.o)
                0x0000000008000b1c                __fixunsdfsi
                0x0000000008000b1c                __aeabi_d2uiz
 .text          0x0000000008000b5c       0xa0 /Applications/STM32CubeIDE.app/Contents/Eclipse/plugins/com.st.stm32cube.ide.mcu.externaltools.gnu-tools-for-stm32.11.3.rel1.macos64_1.1.100.202310310803/tools/bin/../lib/gcc/arm-none-eabi/11.3.1/thumb/v7e-m+fp/hard/libgcc.a(_arm_truncdfsf2.o)
                0x0000000008000b5c                __aeabi_d2f
                0x0000000008000b5c                __truncdfsf2
 .text          0x0000000008000bfc       0x30 /Applications/STM32CubeIDE.app/Contents/Eclipse/plugins/com.st.stm32cube.ide.mcu.externaltools.gnu-tools-for-stm32.11.3.rel1.macos64_1.1.100.202310310803/tools/bin/../lib/gcc/arm-none-eabi/11.3.1/thumb/v7e-m+fp/hard/libgcc.a(_aeabi_uldivmod.o)
                0x0000000008000bfc                __aeabi_uldivmod
 .text          0x0000000008000c2c      0x2c8 /Applications/STM32CubeIDE.app/Contents/Eclipse/plugins/com.st.stm32cube.ide.mcu.externaltools.gnu-tools-for-stm32.11.3.rel1.macos64_1.1.100.202310310803/tools/bin/../lib/gcc/arm-none-eabi/11.3.1/thumb/v7e-m+fp/hard/libgcc.a(_udivmoddi4.o)
                0x0000000008000c2c                __udivmoddi4
 .text          0x0000000008000ef4        0x4 /Applications/STM32CubeIDE.app/Contents/Eclipse/plugins/com.st.stm32cube.ide.mcu.externaltools.gnu-tools-for-stm32.11.3.rel1.macos64_1.1.100.202310310803/tools/bin/../lib/gcc/arm-none-eabi/11.3.1/thumb/v7e-m+fp/hard/libgcc.a(_dvmd_tls.o)
                0x0000000008000ef4                __aeabi_ldiv0
                0x0000000008000ef4                __aeabi_idiv0
 *(.text*)
 .text.HAL_TIM_IC_CaptureCallback
                0x0000000008000ef8      0x12c ./Core/Src/main.o
                0x0000000008000ef8                HAL_TIM_IC_CaptureCallback
 .text.main     0x0000000008001024      0x2c4 ./Core/Src/main.o
                0x0000000008001024                main
 .text.SystemClock_Config
                0x00000000080012e8       0xbc ./Core/Src/main.o
                0x00000000080012e8                SystemClock_Config
 .text.MX_ADC1_Init
                0x00000000080013a4       0xa4 ./Core/Src/main.o
 .text.MX_ADC2_Init
                0x0000000008001448       0xa4 ./Core/Src/main.o
 .text.MX_I2C1_Init
                0x00000000080014ec       0x5c ./Core/Src/main.o
 .text.MX_TIM1_Init
                0x0000000008001548      0x140 ./Core/Src/main.o
 .text.MX_TIM2_Init
                0x0000000008001688       0xa8 ./Core/Src/main.o
 .text.MX_TIM3_Init
                0x0000000008001730       0xa8 ./Core/Src/main.o
 .text.MX_TIM4_Init
                0x00000000080017d8       0xa8 ./Core/Src/main.o
 .text.MX_TIM8_Init
                0x0000000008001880      0x154 ./Core/Src/main.o
 .text.MX_USART3_UART_Init
                0x00000000080019d4       0x54 ./Core/Src/main.o
 .text.MX_GPIO_Init
                0x0000000008001a28      0x164 ./Core/Src/main.o
 .text.HAL_UART_RxCpltCallback
                0x0000000008001b8c      0x754 ./Core/Src/main.o
                0x0000000008001b8c                HAL_UART_RxCpltCallback
 .text.HAL_GPIO_EXTI_Callback
                0x00000000080022e0       0xd8 ./Core/Src/main.o
                0x00000000080022e0                HAL_GPIO_EXTI_Callback
 .text.PIDConfigInit
                0x00000000080023b8       0x42 ./Core/Src/main.o
                0x00000000080023b8                PIDConfigInit
 .text.PIDConfigReset
                0x00000000080023fa       0x24 ./Core/Src/main.o
                0x00000000080023fa                PIDConfigReset
 *fill*         0x000000000800241e        0x2 
 .text.StraightLineMove
                0x0000000008002420      0x370 ./Core/Src/main.o
                0x0000000008002420                StraightLineMove
 .text.StraightLineMoveSpeedScale
                0x0000000008002790      0x2bc ./Core/Src/main.o
                0x0000000008002790                StraightLineMoveSpeedScale
 *fill*         0x0000000008002a4c        0x4 
 .text.RobotMoveDist
                0x0000000008002a50      0x304 ./Core/Src/main.o
                0x0000000008002a50                RobotMoveDist
 *fill*         0x0000000008002d54        0x4 
 .text.RobotMoveDistObstacle
                0x0000000008002d58      0x2f4 ./Core/Src/main.o
                0x0000000008002d58                RobotMoveDistObstacle
 *fill*         0x000000000800304c        0x4 
 .text.RobotMoveDistObstacle_IR
                0x0000000008003050      0x2c4 ./Core/Src/main.o
                0x0000000008003050                RobotMoveDistObstacle_IR
 *fill*         0x0000000008003314        0x4 
 .text.RobotTurn
                0x0000000008003318      0x154 ./Core/Src/main.o
                0x0000000008003318                RobotTurn
 *fill*         0x000000000800346c        0x4 
 .text.RobotTurnFastest
                0x0000000008003470      0x14c ./Core/Src/main.o
                0x0000000008003470                RobotTurnFastest
 .text.FASTESTPATH_TURN_RIGHT_90
                0x00000000080035bc       0x74 ./Core/Src/main.o
                0x00000000080035bc                FASTESTPATH_TURN_RIGHT_90
 .text.FASTESTPATH_TURN_RIGHT_180
                0x0000000008003630       0x74 ./Core/Src/main.o
                0x0000000008003630                FASTESTPATH_TURN_RIGHT_180
 .text.FASTESTPATH_TURN_LEFT_90X
                0x00000000080036a4       0xb8 ./Core/Src/main.o
                0x00000000080036a4                FASTESTPATH_TURN_LEFT_90X
 .text.FASTESTPATH_TURN_LEFT_90X_RETURN
                0x000000000800375c       0xec ./Core/Src/main.o
                0x000000000800375c                FASTESTPATH_TURN_LEFT_90X_RETURN
 .text.FASTESTPATH_TURN_RIGHT_180X
                0x0000000008003848       0xbc ./Core/Src/main.o
                0x0000000008003848                FASTESTPATH_TURN_RIGHT_180X
 *fill*         0x0000000008003904        0x4 
 .text.RobotMoveUntilIROvershoot
                0x0000000008003908      0x14c ./Core/Src/main.o
                0x0000000008003908                RobotMoveUntilIROvershoot
 *fill*         0x0000000008003a54        0x4 
 .text.RobotMoveUntilIRHit
                0x0000000008003a58      0x150 ./Core/Src/main.o
                0x0000000008003a58                RobotMoveUntilIRHit
 .text.runOledTask
                0x0000000008003ba8       0x60 ./Core/Src/main.o
                0x0000000008003ba8                runOledTask
 .text.runCmdTask
                0x0000000008003c08      0x544 ./Core/Src/main.o
                0x0000000008003c08                runCmdTask
 .text.runADCTask
                0x000000000800414c       0xe0 ./Core/Src/main.o
                0x000000000800414c                runADCTask
 .text.runMoveDistTask
                0x000000000800422c      0x274 ./Core/Src/main.o
                0x000000000800422c                runMoveDistTask
 .text.runFastestPathTask
                0x00000000080044a0      0x550 ./Core/Src/main.o
                0x00000000080044a0                runFastestPathTask
 .text.runBuzzerTask
                0x00000000080049f0       0xfc ./Core/Src/main.o
                0x00000000080049f0                runBuzzerTask
 .text.runFLTask
                0x0000000008004aec      0x434 ./Core/Src/main.o
                0x0000000008004aec                runFLTask
 .text.runFRTask
                0x0000000008004f20      0x43c ./Core/Src/main.o
                0x0000000008004f20                runFRTask
 .text.runBLTask
                0x000000000800535c      0x43c ./Core/Src/main.o
                0x000000000800535c                runBLTask
 .text.runBRTask
                0x0000000008005798      0x43c ./Core/Src/main.o
                0x0000000008005798                runBRTask
 .text.runFastestPathTask_V2
                0x0000000008005bd4      0x1a8 ./Core/Src/main.o
                0x0000000008005bd4                runFastestPathTask_V2
 *fill*         0x0000000008005d7c        0x4 
 .text.runBatteryTask
                0x0000000008005d80       0x7c ./Core/Src/main.o
                0x0000000008005d80                runBatteryTask
 .text.runMoveDistObsTask
                0x0000000008005dfc       0xf0 ./Core/Src/main.o
                0x0000000008005dfc                runMoveDistObsTask
 .text.Error_Handler
                0x0000000008005eec        0xa ./Core/Src/main.o
                0x0000000008005eec                Error_Handler
 *fill*         0x0000000008005ef6        0x2 
 .text.HAL_MspInit
                0x0000000008005ef8       0x58 ./Core/Src/stm32f4xx_hal_msp.o
                0x0000000008005ef8                HAL_MspInit
 .text.HAL_ADC_MspInit
                0x0000000008005f50       0xe8 ./Core/Src/stm32f4xx_hal_msp.o
                0x0000000008005f50                HAL_ADC_MspInit
 .text.HAL_I2C_MspInit
                0x0000000008006038       0x90 ./Core/Src/stm32f4xx_hal_msp.o
                0x0000000008006038                HAL_I2C_MspInit
 .text.HAL_TIM_Base_MspInit
                0x00000000080060c8       0xcc ./Core/Src/stm32f4xx_hal_msp.o
                0x00000000080060c8                HAL_TIM_Base_MspInit
 .text.HAL_TIM_Encoder_MspInit
                0x0000000008006194      0x134 ./Core/Src/stm32f4xx_hal_msp.o
                0x0000000008006194                HAL_TIM_Encoder_MspInit
 .text.HAL_TIM_IC_MspInit
                0x00000000080062c8       0xa0 ./Core/Src/stm32f4xx_hal_msp.o
                0x00000000080062c8                HAL_TIM_IC_MspInit
 .text.HAL_TIM_MspPostInit
                0x0000000008006368       0x74 ./Core/Src/stm32f4xx_hal_msp.o
                0x0000000008006368                HAL_TIM_MspPostInit
 .text.HAL_UART_MspInit
                0x00000000080063dc       0xc4 ./Core/Src/stm32f4xx_hal_msp.o
                0x00000000080063dc                HAL_UART_MspInit
 .text.NMI_Handler
                0x00000000080064a0        0x6 ./Core/Src/stm32f4xx_it.o
                0x00000000080064a0                NMI_Handler
 .text.HardFault_Handler
                0x00000000080064a6        0x6 ./Core/Src/stm32f4xx_it.o
                0x00000000080064a6                HardFault_Handler
 .text.MemManage_Handler
                0x00000000080064ac        0x6 ./Core/Src/stm32f4xx_it.o
                0x00000000080064ac                MemManage_Handler
 .text.BusFault_Handler
                0x00000000080064b2        0x6 ./Core/Src/stm32f4xx_it.o
                0x00000000080064b2                BusFault_Handler
 .text.UsageFault_Handler
                0x00000000080064b8        0x6 ./Core/Src/stm32f4xx_it.o
                0x00000000080064b8                UsageFault_Handler
 .text.DebugMon_Handler
                0x00000000080064be        0xe ./Core/Src/stm32f4xx_it.o
                0x00000000080064be                DebugMon_Handler
 .text.SysTick_Handler
                0x00000000080064cc       0x1a ./Core/Src/stm32f4xx_it.o
                0x00000000080064cc                SysTick_Handler
 .text.EXTI9_5_IRQHandler
                0x00000000080064e6       0x10 ./Core/Src/stm32f4xx_it.o
                0x00000000080064e6                EXTI9_5_IRQHandler
 *fill*         0x00000000080064f6        0x2 
 .text.TIM1_UP_TIM10_IRQHandler
                0x00000000080064f8       0x14 ./Core/Src/stm32f4xx_it.o
                0x00000000080064f8                TIM1_UP_TIM10_IRQHandler
 .text.TIM4_IRQHandler
                0x000000000800650c       0x14 ./Core/Src/stm32f4xx_it.o
                0x000000000800650c                TIM4_IRQHandler
 .text.USART3_IRQHandler
                0x0000000008006520       0x14 ./Core/Src/stm32f4xx_it.o
                0x0000000008006520                USART3_IRQHandler
 .text._sbrk    0x0000000008006534       0x6c ./Core/Src/sysmem.o
                0x0000000008006534                _sbrk
 .text.SystemInit
                0x00000000080065a0       0x24 ./Core/Src/system_stm32f4xx.o
                0x00000000080065a0                SystemInit
 .text.Reset_Handler
                0x00000000080065c4       0x50 ./Core/Startup/startup_stm32f407vetx.o
                0x00000000080065c4                Reset_Handler
 .text.Default_Handler
                0x0000000008006614        0x2 ./Core/Startup/startup_stm32f407vetx.o
                0x0000000008006614                DMA1_Stream3_IRQHandler
                0x0000000008006614                HASH_RNG_IRQHandler
                0x0000000008006614                EXTI2_IRQHandler
                0x0000000008006614                TIM8_CC_IRQHandler
                0x0000000008006614                TIM1_CC_IRQHandler
                0x0000000008006614                DMA2_Stream5_IRQHandler
                0x0000000008006614                DMA1_Stream5_IRQHandler
                0x0000000008006614                PVD_IRQHandler
                0x0000000008006614                SDIO_IRQHandler
                0x0000000008006614                TAMP_STAMP_IRQHandler
                0x0000000008006614                CAN2_RX1_IRQHandler
                0x0000000008006614                EXTI3_IRQHandler
                0x0000000008006614                TIM8_TRG_COM_TIM14_IRQHandler
                0x0000000008006614                TIM8_UP_TIM13_IRQHandler
                0x0000000008006614                I2C3_ER_IRQHandler
                0x0000000008006614                EXTI0_IRQHandler
                0x0000000008006614                I2C2_EV_IRQHandler
                0x0000000008006614                DMA1_Stream2_IRQHandler
                0x0000000008006614                CAN1_RX0_IRQHandler
                0x0000000008006614                FPU_IRQHandler
                0x0000000008006614                OTG_HS_WKUP_IRQHandler
                0x0000000008006614                CAN2_SCE_IRQHandler
                0x0000000008006614                DMA2_Stream2_IRQHandler
                0x0000000008006614                SPI1_IRQHandler
                0x0000000008006614                TIM6_DAC_IRQHandler
                0x0000000008006614                TIM1_BRK_TIM9_IRQHandler
                0x0000000008006614                DCMI_IRQHandler
                0x0000000008006614                CAN2_RX0_IRQHandler
                0x0000000008006614                DMA2_Stream3_IRQHandler
                0x0000000008006614                USART6_IRQHandler
                0x0000000008006614                CAN1_RX1_IRQHandler
                0x0000000008006614                UART5_IRQHandler
                0x0000000008006614                DMA2_Stream0_IRQHandler
                0x0000000008006614                I2C1_EV_IRQHandler
                0x0000000008006614                DMA1_Stream6_IRQHandler
                0x0000000008006614                DMA1_Stream1_IRQHandler
                0x0000000008006614                UART4_IRQHandler
                0x0000000008006614                TIM3_IRQHandler
                0x0000000008006614                RCC_IRQHandler
                0x0000000008006614                TIM8_BRK_TIM12_IRQHandler
                0x0000000008006614                Default_Handler
                0x0000000008006614                EXTI15_10_IRQHandler
                0x0000000008006614                ADC_IRQHandler
                0x0000000008006614                DMA1_Stream7_IRQHandler
                0x0000000008006614                TIM7_IRQHandler
                0x0000000008006614                CAN2_TX_IRQHandler
                0x0000000008006614                TIM5_IRQHandler
                0x0000000008006614                DMA2_Stream7_IRQHandler
                0x0000000008006614                I2C3_EV_IRQHandler
                0x0000000008006614                RTC_WKUP_IRQHandler
                0x0000000008006614                ETH_WKUP_IRQHandler
                0x0000000008006614                SPI2_IRQHandler
                0x0000000008006614                OTG_HS_EP1_IN_IRQHandler
                0x0000000008006614                DMA1_Stream0_IRQHandler
                0x0000000008006614                CAN1_TX_IRQHandler
                0x0000000008006614                EXTI4_IRQHandler
                0x0000000008006614                FSMC_IRQHandler
                0x0000000008006614                ETH_IRQHandler
                0x0000000008006614                OTG_HS_EP1_OUT_IRQHandler
                0x0000000008006614                WWDG_IRQHandler
                0x0000000008006614                TIM2_IRQHandler
                0x0000000008006614                OTG_FS_WKUP_IRQHandler
                0x0000000008006614                TIM1_TRG_COM_TIM11_IRQHandler
                0x0000000008006614                OTG_HS_IRQHandler
                0x0000000008006614                EXTI1_IRQHandler
                0x0000000008006614                USART2_IRQHandler
                0x0000000008006614                I2C2_ER_IRQHandler
                0x0000000008006614                DMA2_Stream1_IRQHandler
                0x0000000008006614                CAN1_SCE_IRQHandler
                0x0000000008006614                FLASH_IRQHandler
                0x0000000008006614                DMA2_Stream4_IRQHandler
                0x0000000008006614                USART1_IRQHandler
                0x0000000008006614                OTG_FS_IRQHandler
                0x0000000008006614                SPI3_IRQHandler
                0x0000000008006614                DMA1_Stream4_IRQHandler
                0x0000000008006614                I2C1_ER_IRQHandler
                0x0000000008006614                DMA2_Stream6_IRQHandler
                0x0000000008006614                RTC_Alarm_IRQHandler
 *fill*         0x0000000008006616        0x2 
 .text.HAL_Init
                0x0000000008006618       0x44 ./Drivers/STM32F4xx_HAL_Driver/Src/stm32f4xx_hal.o
                0x0000000008006618                HAL_Init
 .text.HAL_InitTick
                0x000000000800665c       0x60 ./Drivers/STM32F4xx_HAL_Driver/Src/stm32f4xx_hal.o
                0x000000000800665c                HAL_InitTick
 .text.HAL_IncTick
                0x00000000080066bc       0x28 ./Drivers/STM32F4xx_HAL_Driver/Src/stm32f4xx_hal.o
                0x00000000080066bc                HAL_IncTick
 .text.HAL_GetTick
                0x00000000080066e4       0x18 ./Drivers/STM32F4xx_HAL_Driver/Src/stm32f4xx_hal.o
                0x00000000080066e4                HAL_GetTick
 .text.HAL_Delay
                0x00000000080066fc       0x48 ./Drivers/STM32F4xx_HAL_Driver/Src/stm32f4xx_hal.o
                0x00000000080066fc                HAL_Delay
 .text.HAL_ADC_Init
                0x0000000008006744       0x86 ./Drivers/STM32F4xx_HAL_Driver/Src/stm32f4xx_hal_adc.o
                0x0000000008006744                HAL_ADC_Init
 *fill*         0x00000000080067ca        0x2 
 .text.HAL_ADC_Start
                0x00000000080067cc      0x1a4 ./Drivers/STM32F4xx_HAL_Driver/Src/stm32f4xx_hal_adc.o
                0x00000000080067cc                HAL_ADC_Start
 .text.HAL_ADC_Stop
                0x0000000008006970       0x66 ./Drivers/STM32F4xx_HAL_Driver/Src/stm32f4xx_hal_adc.o
                0x0000000008006970                HAL_ADC_Stop
 .text.HAL_ADC_PollForConversion
                0x00000000080069d6      0x116 ./Drivers/STM32F4xx_HAL_Driver/Src/stm32f4xx_hal_adc.o
                0x00000000080069d6                HAL_ADC_PollForConversion
 .text.HAL_ADC_GetValue
                0x0000000008006aec       0x1a ./Drivers/STM32F4xx_HAL_Driver/Src/stm32f4xx_hal_adc.o
                0x0000000008006aec                HAL_ADC_GetValue
 *fill*         0x0000000008006b06        0x2 
 .text.HAL_ADC_ConfigChannel
                0x0000000008006b08      0x244 ./Drivers/STM32F4xx_HAL_Driver/Src/stm32f4xx_hal_adc.o
                0x0000000008006b08                HAL_ADC_ConfigChannel
 .text.ADC_Init
                0x0000000008006d4c      0x1f8 ./Drivers/STM32F4xx_HAL_Driver/Src/stm32f4xx_hal_adc.o
 .text.__NVIC_SetPriorityGrouping
                0x0000000008006f44       0x48 ./Drivers/STM32F4xx_HAL_Driver/Src/stm32f4xx_hal_cortex.o
 .text.__NVIC_GetPriorityGrouping
                0x0000000008006f8c       0x1c ./Drivers/STM32F4xx_HAL_Driver/Src/stm32f4xx_hal_cortex.o
 .text.__NVIC_EnableIRQ
                0x0000000008006fa8       0x3c ./Drivers/STM32F4xx_HAL_Driver/Src/stm32f4xx_hal_cortex.o
 .text.__NVIC_SetPriority
                0x0000000008006fe4       0x54 ./Drivers/STM32F4xx_HAL_Driver/Src/stm32f4xx_hal_cortex.o
 .text.NVIC_EncodePriority
                0x0000000008007038       0x66 ./Drivers/STM32F4xx_HAL_Driver/Src/stm32f4xx_hal_cortex.o
 *fill*         0x000000000800709e        0x2 
 .text.SysTick_Config
                0x00000000080070a0       0x44 ./Drivers/STM32F4xx_HAL_Driver/Src/stm32f4xx_hal_cortex.o
 .text.HAL_NVIC_SetPriorityGrouping
                0x00000000080070e4       0x16 ./Drivers/STM32F4xx_HAL_Driver/Src/stm32f4xx_hal_cortex.o
                0x00000000080070e4                HAL_NVIC_SetPriorityGrouping
 .text.HAL_NVIC_SetPriority
                0x00000000080070fa       0x38 ./Drivers/STM32F4xx_HAL_Driver/Src/stm32f4xx_hal_cortex.o
                0x00000000080070fa                HAL_NVIC_SetPriority
 .text.HAL_NVIC_EnableIRQ
                0x0000000008007132       0x1c ./Drivers/STM32F4xx_HAL_Driver/Src/stm32f4xx_hal_cortex.o
                0x0000000008007132                HAL_NVIC_EnableIRQ
 .text.HAL_SYSTICK_Config
                0x000000000800714e       0x18 ./Drivers/STM32F4xx_HAL_Driver/Src/stm32f4xx_hal_cortex.o
                0x000000000800714e                HAL_SYSTICK_Config
 .text.HAL_DMA_Abort
                0x0000000008007166       0xe0 ./Drivers/STM32F4xx_HAL_Driver/Src/stm32f4xx_hal_dma.o
                0x0000000008007166                HAL_DMA_Abort
 .text.HAL_DMA_Abort_IT
                0x0000000008007246       0x44 ./Drivers/STM32F4xx_HAL_Driver/Src/stm32f4xx_hal_dma.o
                0x0000000008007246                HAL_DMA_Abort_IT
 *fill*         0x000000000800728a        0x2 
 .text.HAL_GPIO_Init
                0x000000000800728c      0x338 ./Drivers/STM32F4xx_HAL_Driver/Src/stm32f4xx_hal_gpio.o
                0x000000000800728c                HAL_GPIO_Init
 .text.HAL_GPIO_WritePin
                0x00000000080075c4       0x32 ./Drivers/STM32F4xx_HAL_Driver/Src/stm32f4xx_hal_gpio.o
                0x00000000080075c4                HAL_GPIO_WritePin
 *fill*         0x00000000080075f6        0x2 
 .text.HAL_GPIO_EXTI_IRQHandler
                0x00000000080075f8       0x30 ./Drivers/STM32F4xx_HAL_Driver/Src/stm32f4xx_hal_gpio.o
                0x00000000080075f8                HAL_GPIO_EXTI_IRQHandler
 .text.HAL_I2C_Init
                0x0000000008007628      0x288 ./Drivers/STM32F4xx_HAL_Driver/Src/stm32f4xx_hal_i2c.o
                0x0000000008007628                HAL_I2C_Init
 .text.HAL_I2C_Mem_Write
                0x00000000080078b0      0x1f4 ./Drivers/STM32F4xx_HAL_Driver/Src/stm32f4xx_hal_i2c.o
                0x00000000080078b0                HAL_I2C_Mem_Write
 .text.HAL_I2C_Mem_Read
                0x0000000008007aa4      0x44c ./Drivers/STM32F4xx_HAL_Driver/Src/stm32f4xx_hal_i2c.o
                0x0000000008007aa4                HAL_I2C_Mem_Read
 .text.I2C_RequestMemoryWrite
                0x0000000008007ef0      0x12c ./Drivers/STM32F4xx_HAL_Driver/Src/stm32f4xx_hal_i2c.o
 .text.I2C_RequestMemoryRead
                0x000000000800801c      0x1d0 ./Drivers/STM32F4xx_HAL_Driver/Src/stm32f4xx_hal_i2c.o
 .text.I2C_WaitOnFlagUntilTimeout
                0x00000000080081ec       0xae ./Drivers/STM32F4xx_HAL_Driver/Src/stm32f4xx_hal_i2c.o
 .text.I2C_WaitOnMasterAddressFlagUntilTimeout
                0x000000000800829a       0xfe ./Drivers/STM32F4xx_HAL_Driver/Src/stm32f4xx_hal_i2c.o
 .text.I2C_WaitOnTXEFlagUntilTimeout
                0x0000000008008398       0x82 ./Drivers/STM32F4xx_HAL_Driver/Src/stm32f4xx_hal_i2c.o
 .text.I2C_WaitOnBTFFlagUntilTimeout
                0x000000000800841a       0x82 ./Drivers/STM32F4xx_HAL_Driver/Src/stm32f4xx_hal_i2c.o
 .text.I2C_WaitOnRXNEFlagUntilTimeout
                0x000000000800849c       0xac ./Drivers/STM32F4xx_HAL_Driver/Src/stm32f4xx_hal_i2c.o
 .text.I2C_IsAcknowledgeFailed
                0x0000000008008548       0x5e ./Drivers/STM32F4xx_HAL_Driver/Src/stm32f4xx_hal_i2c.o
 *fill*         0x00000000080085a6        0x2 
 .text.HAL_PWR_EnableBkUpAccess
                0x00000000080085a8       0x28 ./Drivers/STM32F4xx_HAL_Driver/Src/stm32f4xx_hal_pwr.o
                0x00000000080085a8                HAL_PWR_EnableBkUpAccess
 .text.HAL_PWR_DisableBkUpAccess
                0x00000000080085d0       0x28 ./Drivers/STM32F4xx_HAL_Driver/Src/stm32f4xx_hal_pwr.o
                0x00000000080085d0                HAL_PWR_DisableBkUpAccess
 .text.HAL_RCC_OscConfig
                0x00000000080085f8      0x4f0 ./Drivers/STM32F4xx_HAL_Driver/Src/stm32f4xx_hal_rcc.o
                0x00000000080085f8                HAL_RCC_OscConfig
 .text.HAL_RCC_ClockConfig
                0x0000000008008ae8      0x1cc ./Drivers/STM32F4xx_HAL_Driver/Src/stm32f4xx_hal_rcc.o
                0x0000000008008ae8                HAL_RCC_ClockConfig
 .text.HAL_RCC_GetSysClockFreq
                0x0000000008008cb4      0x18c ./Drivers/STM32F4xx_HAL_Driver/Src/stm32f4xx_hal_rcc.o
                0x0000000008008cb4                HAL_RCC_GetSysClockFreq
 .text.HAL_RCC_GetHCLKFreq
                0x0000000008008e40       0x18 ./Drivers/STM32F4xx_HAL_Driver/Src/stm32f4xx_hal_rcc.o
                0x0000000008008e40                HAL_RCC_GetHCLKFreq
 .text.HAL_RCC_GetPCLK1Freq
                0x0000000008008e58       0x28 ./Drivers/STM32F4xx_HAL_Driver/Src/stm32f4xx_hal_rcc.o
                0x0000000008008e58                HAL_RCC_GetPCLK1Freq
 .text.HAL_RCC_GetPCLK2Freq
                0x0000000008008e80       0x28 ./Drivers/STM32F4xx_HAL_Driver/Src/stm32f4xx_hal_rcc.o
                0x0000000008008e80                HAL_RCC_GetPCLK2Freq
 .text.HAL_TIM_Base_Init
                0x0000000008008ea8       0x9e ./Drivers/STM32F4xx_HAL_Driver/Src/stm32f4xx_hal_tim.o
                0x0000000008008ea8                HAL_TIM_Base_Init
 .text.HAL_TIM_PWM_Init
                0x0000000008008f46       0x9e ./Drivers/STM32F4xx_HAL_Driver/Src/stm32f4xx_hal_tim.o
                0x0000000008008f46                HAL_TIM_PWM_Init
 .text.HAL_TIM_PWM_MspInit
                0x0000000008008fe4       0x14 ./Drivers/STM32F4xx_HAL_Driver/Src/stm32f4xx_hal_tim.o
                0x0000000008008fe4                HAL_TIM_PWM_MspInit
 .text.HAL_TIM_PWM_Start
                0x0000000008008ff8      0x190 ./Drivers/STM32F4xx_HAL_Driver/Src/stm32f4xx_hal_tim.o
                0x0000000008008ff8                HAL_TIM_PWM_Start
 .text.HAL_TIM_IC_Init
                0x0000000008009188       0x9e ./Drivers/STM32F4xx_HAL_Driver/Src/stm32f4xx_hal_tim.o
                0x0000000008009188                HAL_TIM_IC_Init
 *fill*         0x0000000008009226        0x2 
 .text.HAL_TIM_IC_Start_IT
                0x0000000008009228      0x250 ./Drivers/STM32F4xx_HAL_Driver/Src/stm32f4xx_hal_tim.o
                0x0000000008009228                HAL_TIM_IC_Start_IT
 .text.HAL_TIM_IC_Stop_IT
                0x0000000008009478      0x15c ./Drivers/STM32F4xx_HAL_Driver/Src/stm32f4xx_hal_tim.o
                0x0000000008009478                HAL_TIM_IC_Stop_IT
 .text.HAL_TIM_Encoder_Init
                0x00000000080095d4      0x14c ./Drivers/STM32F4xx_HAL_Driver/Src/stm32f4xx_hal_tim.o
                0x00000000080095d4                HAL_TIM_Encoder_Init
 .text.HAL_TIM_Encoder_Start
                0x0000000008009720      0x11c ./Drivers/STM32F4xx_HAL_Driver/Src/stm32f4xx_hal_tim.o
                0x0000000008009720                HAL_TIM_Encoder_Start
 .text.HAL_TIM_IRQHandler
                0x000000000800983c      0x210 ./Drivers/STM32F4xx_HAL_Driver/Src/stm32f4xx_hal_tim.o
                0x000000000800983c                HAL_TIM_IRQHandler
 .text.HAL_TIM_IC_ConfigChannel
                0x0000000008009a4c      0x138 ./Drivers/STM32F4xx_HAL_Driver/Src/stm32f4xx_hal_tim.o
                0x0000000008009a4c                HAL_TIM_IC_ConfigChannel
 .text.HAL_TIM_PWM_ConfigChannel
                0x0000000008009b84      0x184 ./Drivers/STM32F4xx_HAL_Driver/Src/stm32f4xx_hal_tim.o
                0x0000000008009b84                HAL_TIM_PWM_ConfigChannel
 .text.HAL_TIM_ConfigClockSource
                0x0000000008009d08      0x18e ./Drivers/STM32F4xx_HAL_Driver/Src/stm32f4xx_hal_tim.o
                0x0000000008009d08                HAL_TIM_ConfigClockSource
 *fill*         0x0000000008009e96        0x2 
 .text.HAL_TIM_ReadCapturedValue
                0x0000000008009e98       0x88 ./Drivers/STM32F4xx_HAL_Driver/Src/stm32f4xx_hal_tim.o
                0x0000000008009e98                HAL_TIM_ReadCapturedValue
 .text.HAL_TIM_PeriodElapsedCallback
                0x0000000008009f20       0x14 ./Drivers/STM32F4xx_HAL_Driver/Src/stm32f4xx_hal_tim.o
                0x0000000008009f20                HAL_TIM_PeriodElapsedCallback
 .text.HAL_TIM_OC_DelayElapsedCallback
                0x0000000008009f34       0x14 ./Drivers/STM32F4xx_HAL_Driver/Src/stm32f4xx_hal_tim.o
                0x0000000008009f34                HAL_TIM_OC_DelayElapsedCallback
 .text.HAL_TIM_PWM_PulseFinishedCallback
                0x0000000008009f48       0x14 ./Drivers/STM32F4xx_HAL_Driver/Src/stm32f4xx_hal_tim.o
                0x0000000008009f48                HAL_TIM_PWM_PulseFinishedCallback
 .text.HAL_TIM_TriggerCallback
                0x0000000008009f5c       0x14 ./Drivers/STM32F4xx_HAL_Driver/Src/stm32f4xx_hal_tim.o
                0x0000000008009f5c                HAL_TIM_TriggerCallback
 .text.TIM_Base_SetConfig
                0x0000000008009f70      0x140 ./Drivers/STM32F4xx_HAL_Driver/Src/stm32f4xx_hal_tim.o
                0x0000000008009f70                TIM_Base_SetConfig
 .text.TIM_OC1_SetConfig
                0x000000000800a0b0       0xe0 ./Drivers/STM32F4xx_HAL_Driver/Src/stm32f4xx_hal_tim.o
 .text.TIM_OC2_SetConfig
                0x000000000800a190       0xec ./Drivers/STM32F4xx_HAL_Driver/Src/stm32f4xx_hal_tim.o
                0x000000000800a190                TIM_OC2_SetConfig
 .text.TIM_OC3_SetConfig
                0x000000000800a27c       0xe8 ./Drivers/STM32F4xx_HAL_Driver/Src/stm32f4xx_hal_tim.o
 .text.TIM_OC4_SetConfig
                0x000000000800a364       0xac ./Drivers/STM32F4xx_HAL_Driver/Src/stm32f4xx_hal_tim.o
 .text.TIM_TI1_SetConfig
                0x000000000800a410       0xe8 ./Drivers/STM32F4xx_HAL_Driver/Src/stm32f4xx_hal_tim.o
                0x000000000800a410                TIM_TI1_SetConfig
 .text.TIM_TI1_ConfigInputStage
                0x000000000800a4f8       0x5e ./Drivers/STM32F4xx_HAL_Driver/Src/stm32f4xx_hal_tim.o
 .text.TIM_TI2_SetConfig
                0x000000000800a556       0x7a ./Drivers/STM32F4xx_HAL_Driver/Src/stm32f4xx_hal_tim.o
 .text.TIM_TI2_ConfigInputStage
                0x000000000800a5d0       0x60 ./Drivers/STM32F4xx_HAL_Driver/Src/stm32f4xx_hal_tim.o
 .text.TIM_TI3_SetConfig
                0x000000000800a630       0x78 ./Drivers/STM32F4xx_HAL_Driver/Src/stm32f4xx_hal_tim.o
 .text.TIM_TI4_SetConfig
                0x000000000800a6a8       0x7a ./Drivers/STM32F4xx_HAL_Driver/Src/stm32f4xx_hal_tim.o
 .text.TIM_ITRx_SetConfig
                0x000000000800a722       0x36 ./Drivers/STM32F4xx_HAL_Driver/Src/stm32f4xx_hal_tim.o
 .text.TIM_ETR_SetConfig
                0x000000000800a758       0x40 ./Drivers/STM32F4xx_HAL_Driver/Src/stm32f4xx_hal_tim.o
                0x000000000800a758                TIM_ETR_SetConfig
 .text.TIM_CCxChannelCmd
                0x000000000800a798       0x4a ./Drivers/STM32F4xx_HAL_Driver/Src/stm32f4xx_hal_tim.o
                0x000000000800a798                TIM_CCxChannelCmd
 *fill*         0x000000000800a7e2        0x2 
 .text.HAL_TIMEx_MasterConfigSynchronization
                0x000000000800a7e4       0xf8 ./Drivers/STM32F4xx_HAL_Driver/Src/stm32f4xx_hal_tim_ex.o
                0x000000000800a7e4                HAL_TIMEx_MasterConfigSynchronization
 .text.HAL_TIMEx_ConfigBreakDeadTime
                0x000000000800a8dc       0xa4 ./Drivers/STM32F4xx_HAL_Driver/Src/stm32f4xx_hal_tim_ex.o
                0x000000000800a8dc                HAL_TIMEx_ConfigBreakDeadTime
 .text.HAL_TIMEx_CommutCallback
                0x000000000800a980       0x14 ./Drivers/STM32F4xx_HAL_Driver/Src/stm32f4xx_hal_tim_ex.o
                0x000000000800a980                HAL_TIMEx_CommutCallback
 .text.HAL_TIMEx_BreakCallback
                0x000000000800a994       0x14 ./Drivers/STM32F4xx_HAL_Driver/Src/stm32f4xx_hal_tim_ex.o
                0x000000000800a994                HAL_TIMEx_BreakCallback
 .text.HAL_UART_Init
                0x000000000800a9a8       0x9a ./Drivers/STM32F4xx_HAL_Driver/Src/stm32f4xx_hal_uart.o
                0x000000000800a9a8                HAL_UART_Init
 .text.HAL_UART_Transmit
                0x000000000800aa42      0x124 ./Drivers/STM32F4xx_HAL_Driver/Src/stm32f4xx_hal_uart.o
                0x000000000800aa42                HAL_UART_Transmit
 .text.HAL_UART_Receive_IT
                0x000000000800ab66       0x60 ./Drivers/STM32F4xx_HAL_Driver/Src/stm32f4xx_hal_uart.o
                0x000000000800ab66                HAL_UART_Receive_IT
 *fill*         0x000000000800abc6        0x2 
 .text.HAL_UART_IRQHandler
                0x000000000800abc8      0x51c ./Drivers/STM32F4xx_HAL_Driver/Src/stm32f4xx_hal_uart.o
                0x000000000800abc8                HAL_UART_IRQHandler
 .text.HAL_UART_TxCpltCallback
                0x000000000800b0e4       0x14 ./Drivers/STM32F4xx_HAL_Driver/Src/stm32f4xx_hal_uart.o
                0x000000000800b0e4                HAL_UART_TxCpltCallback
 .text.HAL_UART_ErrorCallback
                0x000000000800b0f8       0x14 ./Drivers/STM32F4xx_HAL_Driver/Src/stm32f4xx_hal_uart.o
                0x000000000800b0f8                HAL_UART_ErrorCallback
 .text.HAL_UARTEx_RxEventCallback
                0x000000000800b10c       0x18 ./Drivers/STM32F4xx_HAL_Driver/Src/stm32f4xx_hal_uart.o
                0x000000000800b10c                HAL_UARTEx_RxEventCallback
 .text.UART_WaitOnFlagUntilTimeout
                0x000000000800b124       0xdc ./Drivers/STM32F4xx_HAL_Driver/Src/stm32f4xx_hal_uart.o
 .text.UART_Start_Receive_IT
                0x000000000800b200       0x74 ./Drivers/STM32F4xx_HAL_Driver/Src/stm32f4xx_hal_uart.o
                0x000000000800b200                UART_Start_Receive_IT
 .text.UART_EndRxTransfer
                0x000000000800b274       0xc6 ./Drivers/STM32F4xx_HAL_Driver/Src/stm32f4xx_hal_uart.o
 .text.UART_DMAAbortOnError
                0x000000000800b33a       0x28 ./Drivers/STM32F4xx_HAL_Driver/Src/stm32f4xx_hal_uart.o
 .text.UART_Transmit_IT
                0x000000000800b362       0xa0 ./Drivers/STM32F4xx_HAL_Driver/Src/stm32f4xx_hal_uart.o
 .text.UART_EndTransmit_IT
                0x000000000800b402       0x30 ./Drivers/STM32F4xx_HAL_Driver/Src/stm32f4xx_hal_uart.o
 .text.UART_Receive_IT
                0x000000000800b432      0x176 ./Drivers/STM32F4xx_HAL_Driver/Src/stm32f4xx_hal_uart.o
 .text.UART_SetConfig
                0x000000000800b5a8      0x4e8 ./Drivers/STM32F4xx_HAL_Driver/Src/stm32f4xx_hal_uart.o
 .text.__NVIC_SetPriority
                0x000000000800ba90       0x54 ./Middlewares/Third_Party/FreeRTOS/Source/CMSIS_RTOS_V2/cmsis_os2.o
 .text.SVC_Setup
                0x000000000800bae4       0x12 ./Middlewares/Third_Party/FreeRTOS/Source/CMSIS_RTOS_V2/cmsis_os2.o
 *fill*         0x000000000800baf6        0x2 
 .text.osKernelInitialize
                0x000000000800baf8       0x48 ./Middlewares/Third_Party/FreeRTOS/Source/CMSIS_RTOS_V2/cmsis_os2.o
                0x000000000800baf8                osKernelInitialize
 .text.osKernelStart
                0x000000000800bb40       0x4c ./Middlewares/Third_Party/FreeRTOS/Source/CMSIS_RTOS_V2/cmsis_os2.o
                0x000000000800bb40                osKernelStart
 .text.osThreadNew
                0x000000000800bb8c      0x124 ./Middlewares/Third_Party/FreeRTOS/Source/CMSIS_RTOS_V2/cmsis_os2.o
                0x000000000800bb8c                osThreadNew
 .text.osDelay  0x000000000800bcb0       0x36 ./Middlewares/Third_Party/FreeRTOS/Source/CMSIS_RTOS_V2/cmsis_os2.o
                0x000000000800bcb0                osDelay
 *fill*         0x000000000800bce6        0x2 
 .text.vApplicationGetIdleTaskMemory
                0x000000000800bce8       0x34 ./Middlewares/Third_Party/FreeRTOS/Source/CMSIS_RTOS_V2/cmsis_os2.o
                0x000000000800bce8                vApplicationGetIdleTaskMemory
 .text.vApplicationGetTimerTaskMemory
                0x000000000800bd1c       0x34 ./Middlewares/Third_Party/FreeRTOS/Source/CMSIS_RTOS_V2/cmsis_os2.o
                0x000000000800bd1c                vApplicationGetTimerTaskMemory
 .text.vListInitialise
                0x000000000800bd50       0x40 ./Middlewares/Third_Party/FreeRTOS/Source/list.o
                0x000000000800bd50                vListInitialise
 .text.vListInitialiseItem
                0x000000000800bd90       0x1a ./Middlewares/Third_Party/FreeRTOS/Source/list.o
                0x000000000800bd90                vListInitialiseItem
 .text.vListInsertEnd
                0x000000000800bdaa       0x48 ./Middlewares/Third_Party/FreeRTOS/Source/list.o
                0x000000000800bdaa                vListInsertEnd
 .text.vListInsert
                0x000000000800bdf2       0x72 ./Middlewares/Third_Party/FreeRTOS/Source/list.o
                0x000000000800bdf2                vListInsert
 .text.uxListRemove
                0x000000000800be64       0x54 ./Middlewares/Third_Party/FreeRTOS/Source/list.o
                0x000000000800be64                uxListRemove
 .text.xQueueGenericReset
                0x000000000800beb8       0xd0 ./Middlewares/Third_Party/FreeRTOS/Source/queue.o
                0x000000000800beb8                xQueueGenericReset
 .text.xQueueGenericCreateStatic
                0x000000000800bf88       0xf0 ./Middlewares/Third_Party/FreeRTOS/Source/queue.o
                0x000000000800bf88                xQueueGenericCreateStatic
 .text.prvInitialiseNewQueue
                0x000000000800c078       0x46 ./Middlewares/Third_Party/FreeRTOS/Source/queue.o
 *fill*         0x000000000800c0be        0x2 
 .text.xQueueGenericSend
                0x000000000800c0c0      0x1fc ./Middlewares/Third_Party/FreeRTOS/Source/queue.o
                0x000000000800c0c0                xQueueGenericSend
 .text.xQueueGenericSendFromISR
                0x000000000800c2bc      0x136 ./Middlewares/Third_Party/FreeRTOS/Source/queue.o
                0x000000000800c2bc                xQueueGenericSendFromISR
 *fill*         0x000000000800c3f2        0x2 
 .text.xQueueReceive
                0x000000000800c3f4      0x1c0 ./Middlewares/Third_Party/FreeRTOS/Source/queue.o
                0x000000000800c3f4                xQueueReceive
 .text.prvCopyDataToQueue
                0x000000000800c5b4       0xd4 ./Middlewares/Third_Party/FreeRTOS/Source/queue.o
 .text.prvCopyDataFromQueue
                0x000000000800c688       0x4c ./Middlewares/Third_Party/FreeRTOS/Source/queue.o
 .text.prvUnlockQueue
                0x000000000800c6d4       0xa4 ./Middlewares/Third_Party/FreeRTOS/Source/queue.o
 .text.prvIsQueueEmpty
                0x000000000800c778       0x2c ./Middlewares/Third_Party/FreeRTOS/Source/queue.o
 .text.prvIsQueueFull
                0x000000000800c7a4       0x30 ./Middlewares/Third_Party/FreeRTOS/Source/queue.o
 .text.vQueueAddToRegistry
                0x000000000800c7d4       0x54 ./Middlewares/Third_Party/FreeRTOS/Source/queue.o
                0x000000000800c7d4                vQueueAddToRegistry
 .text.vQueueWaitForMessageRestricted
                0x000000000800c828       0x68 ./Middlewares/Third_Party/FreeRTOS/Source/queue.o
                0x000000000800c828                vQueueWaitForMessageRestricted
 .text.xTaskCreateStatic
                0x000000000800c890       0xba ./Middlewares/Third_Party/FreeRTOS/Source/tasks.o
                0x000000000800c890                xTaskCreateStatic
 .text.xTaskCreate
                0x000000000800c94a       0x8a ./Middlewares/Third_Party/FreeRTOS/Source/tasks.o
                0x000000000800c94a                xTaskCreate
 .text.prvInitialiseNewTask
                0x000000000800c9d4      0x11e ./Middlewares/Third_Party/FreeRTOS/Source/tasks.o
 *fill*         0x000000000800caf2        0x2 
 .text.prvAddNewTaskToReadyList
                0x000000000800caf4       0xe0 ./Middlewares/Third_Party/FreeRTOS/Source/tasks.o
 .text.vTaskDelay
                0x000000000800cbd4       0x68 ./Middlewares/Third_Party/FreeRTOS/Source/tasks.o
                0x000000000800cbd4                vTaskDelay
 .text.vTaskStartScheduler
                0x000000000800cc3c       0xcc ./Middlewares/Third_Party/FreeRTOS/Source/tasks.o
                0x000000000800cc3c                vTaskStartScheduler
 .text.vTaskSuspendAll
                0x000000000800cd08       0x1c ./Middlewares/Third_Party/FreeRTOS/Source/tasks.o
                0x000000000800cd08                vTaskSuspendAll
 .text.xTaskResumeAll
                0x000000000800cd24      0x13c ./Middlewares/Third_Party/FreeRTOS/Source/tasks.o
                0x000000000800cd24                xTaskResumeAll
 .text.xTaskGetTickCount
                0x000000000800ce60       0x20 ./Middlewares/Third_Party/FreeRTOS/Source/tasks.o
                0x000000000800ce60                xTaskGetTickCount
 .text.xTaskIncrementTick
                0x000000000800ce80      0x174 ./Middlewares/Third_Party/FreeRTOS/Source/tasks.o
                0x000000000800ce80                xTaskIncrementTick
 .text.vTaskSwitchContext
                0x000000000800cff4       0xbc ./Middlewares/Third_Party/FreeRTOS/Source/tasks.o
                0x000000000800cff4                vTaskSwitchContext
 .text.vTaskPlaceOnEventList
                0x000000000800d0b0       0x48 ./Middlewares/Third_Party/FreeRTOS/Source/tasks.o
                0x000000000800d0b0                vTaskPlaceOnEventList
 .text.vTaskPlaceOnEventListRestricted
                0x000000000800d0f8       0x58 ./Middlewares/Third_Party/FreeRTOS/Source/tasks.o
                0x000000000800d0f8                vTaskPlaceOnEventListRestricted
 .text.xTaskRemoveFromEventList
                0x000000000800d150       0xc8 ./Middlewares/Third_Party/FreeRTOS/Source/tasks.o
                0x000000000800d150                xTaskRemoveFromEventList
 .text.vTaskInternalSetTimeOutState
                0x000000000800d218       0x2c ./Middlewares/Third_Party/FreeRTOS/Source/tasks.o
                0x000000000800d218                vTaskInternalSetTimeOutState
 .text.xTaskCheckForTimeOut
                0x000000000800d244       0xc4 ./Middlewares/Third_Party/FreeRTOS/Source/tasks.o
                0x000000000800d244                xTaskCheckForTimeOut
 .text.vTaskMissedYield
                0x000000000800d308       0x18 ./Middlewares/Third_Party/FreeRTOS/Source/tasks.o
                0x000000000800d308                vTaskMissedYield
 .text.prvIdleTask
                0x000000000800d320       0x30 ./Middlewares/Third_Party/FreeRTOS/Source/tasks.o
 .text.prvInitialiseTaskLists
                0x000000000800d350       0x80 ./Middlewares/Third_Party/FreeRTOS/Source/tasks.o
 .text.prvCheckTasksWaitingTermination
                0x000000000800d3d0       0x5c ./Middlewares/Third_Party/FreeRTOS/Source/tasks.o
 .text.prvDeleteTCB
                0x000000000800d42c       0x5e ./Middlewares/Third_Party/FreeRTOS/Source/tasks.o
 *fill*         0x000000000800d48a        0x2 
 .text.prvResetNextTaskUnblockTime
                0x000000000800d48c       0x40 ./Middlewares/Third_Party/FreeRTOS/Source/tasks.o
 .text.xTaskGetSchedulerState
                0x000000000800d4cc       0x3c ./Middlewares/Third_Party/FreeRTOS/Source/tasks.o
                0x000000000800d4cc                xTaskGetSchedulerState
 .text.xTaskPriorityDisinherit
                0x000000000800d508       0xdc ./Middlewares/Third_Party/FreeRTOS/Source/tasks.o
                0x000000000800d508                xTaskPriorityDisinherit
 .text.prvAddCurrentTaskToDelayedList
                0x000000000800d5e4       0xa8 ./Middlewares/Third_Party/FreeRTOS/Source/tasks.o
 .text.xTimerCreateTimerTask
                0x000000000800d68c       0x90 ./Middlewares/Third_Party/FreeRTOS/Source/timers.o
                0x000000000800d68c                xTimerCreateTimerTask
 .text.xTimerGenericCommand
                0x000000000800d71c       0x9c ./Middlewares/Third_Party/FreeRTOS/Source/timers.o
                0x000000000800d71c                xTimerGenericCommand
 .text.prvProcessExpiredTimer
                0x000000000800d7b8       0x98 ./Middlewares/Third_Party/FreeRTOS/Source/timers.o
 .text.prvTimerTask
                0x000000000800d850       0x24 ./Middlewares/Third_Party/FreeRTOS/Source/timers.o
 .text.prvProcessTimerOrBlockTask
                0x000000000800d874       0x9c ./Middlewares/Third_Party/FreeRTOS/Source/timers.o
 .text.prvGetNextExpireTime
                0x000000000800d910       0x48 ./Middlewares/Third_Party/FreeRTOS/Source/timers.o
 .text.prvSampleTimeNow
                0x000000000800d958       0x40 ./Middlewares/Third_Party/FreeRTOS/Source/timers.o
 .text.prvInsertTimerInActiveList
                0x000000000800d998       0x84 ./Middlewares/Third_Party/FreeRTOS/Source/timers.o
 .text.prvProcessReceivedCommands
                0x000000000800da1c      0x1c4 ./Middlewares/Third_Party/FreeRTOS/Source/timers.o
 .text.prvSwitchTimerLists
                0x000000000800dbe0       0xc8 ./Middlewares/Third_Party/FreeRTOS/Source/timers.o
 .text.prvCheckForValidListAndQueue
                0x000000000800dca8       0x80 ./Middlewares/Third_Party/FreeRTOS/Source/timers.o
 .text.pxPortInitialiseStack
                0x000000000800dd28       0x68 ./Middlewares/Third_Party/FreeRTOS/Source/portable/GCC/ARM_CM4F/port.o
                0x000000000800dd28                pxPortInitialiseStack
 .text.prvTaskExitError
                0x000000000800dd90       0x58 ./Middlewares/Third_Party/FreeRTOS/Source/portable/GCC/ARM_CM4F/port.o
 *fill*         0x000000000800dde8        0x8 
 .text.SVC_Handler
                0x000000000800ddf0       0x28 ./Middlewares/Third_Party/FreeRTOS/Source/portable/GCC/ARM_CM4F/port.o
                0x000000000800ddf0                SVC_Handler
 .text.prvPortStartFirstTask
                0x000000000800de18       0x28 ./Middlewares/Third_Party/FreeRTOS/Source/portable/GCC/ARM_CM4F/port.o
 .text.xPortStartScheduler
                0x000000000800de40      0x144 ./Middlewares/Third_Party/FreeRTOS/Source/portable/GCC/ARM_CM4F/port.o
                0x000000000800de40                xPortStartScheduler
 .text.vPortEnterCritical
                0x000000000800df84       0x60 ./Middlewares/Third_Party/FreeRTOS/Source/portable/GCC/ARM_CM4F/port.o
                0x000000000800df84                vPortEnterCritical
 .text.vPortExitCritical
                0x000000000800dfe4       0x54 ./Middlewares/Third_Party/FreeRTOS/Source/portable/GCC/ARM_CM4F/port.o
                0x000000000800dfe4                vPortExitCritical
 *fill*         0x000000000800e038        0x8 
 .text.PendSV_Handler
                0x000000000800e040       0x68 ./Middlewares/Third_Party/FreeRTOS/Source/portable/GCC/ARM_CM4F/port.o
                0x000000000800e040                PendSV_Handler
 .text.xPortSysTickHandler
                0x000000000800e0a8       0x44 ./Middlewares/Third_Party/FreeRTOS/Source/portable/GCC/ARM_CM4F/port.o
                0x000000000800e0a8                xPortSysTickHandler
 .text.vPortSetupTimerInterrupt
                0x000000000800e0ec       0x48 ./Middlewares/Third_Party/FreeRTOS/Source/portable/GCC/ARM_CM4F/port.o
                0x000000000800e0ec                vPortSetupTimerInterrupt
 .text.vPortEnableVFP
                0x000000000800e134       0x14 ./Middlewares/Third_Party/FreeRTOS/Source/portable/GCC/ARM_CM4F/port.o
 .text.vPortValidateInterruptPriority
                0x000000000800e148       0x80 ./Middlewares/Third_Party/FreeRTOS/Source/portable/GCC/ARM_CM4F/port.o
                0x000000000800e148                vPortValidateInterruptPriority
 .text.pvPortMalloc
                0x000000000800e1c8      0x198 ./Middlewares/Third_Party/FreeRTOS/Source/portable/MemMang/heap_4.o
                0x000000000800e1c8                pvPortMalloc
 .text.vPortFree
                0x000000000800e360       0xc4 ./Middlewares/Third_Party/FreeRTOS/Source/portable/MemMang/heap_4.o
                0x000000000800e360                vPortFree
 .text.prvHeapInit
                0x000000000800e424       0xc4 ./Middlewares/Third_Party/FreeRTOS/Source/portable/MemMang/heap_4.o
 .text.prvInsertBlockIntoFreeList
                0x000000000800e4e8       0xb4 ./Middlewares/Third_Party/FreeRTOS/Source/portable/MemMang/heap_4.o
 .text._ICM20948_SelectUserBank
                0x000000000800e59c       0x58 ./PeripheralDrivers/Src/ICM20948.o
                0x000000000800e59c                _ICM20948_SelectUserBank
 .text._ICM20948_WriteByte
                0x000000000800e5f4       0x5a ./PeripheralDrivers/Src/ICM20948.o
                0x000000000800e5f4                _ICM20948_WriteByte
 .text.ICM20948_init
                0x000000000800e64e       0xbe ./PeripheralDrivers/Src/ICM20948.o
                0x000000000800e64e                ICM20948_init
 .text.OLED_Refresh_Gram
                0x000000000800e70c       0x70 ./PeripheralDrivers/Src/oled.o
                0x000000000800e70c                OLED_Refresh_Gram
 .text.OLED_WR_Byte
                0x000000000800e77c       0x94 ./PeripheralDrivers/Src/oled.o
                0x000000000800e77c                OLED_WR_Byte
 .text.OLED_Clear
                0x000000000800e810       0x4c ./PeripheralDrivers/Src/oled.o
                0x000000000800e810                OLED_Clear
 .text.OLED_DrawPoint
                0x000000000800e85c       0xb4 ./PeripheralDrivers/Src/oled.o
                0x000000000800e85c                OLED_DrawPoint
 .text.OLED_ShowChar
                0x000000000800e910       0xcc ./PeripheralDrivers/Src/oled.o
                0x000000000800e910                OLED_ShowChar
 .text.OLED_ShowString
                0x000000000800e9dc       0x64 ./PeripheralDrivers/Src/oled.o
                0x000000000800e9dc                OLED_ShowString
 .text.OLED_Init
                0x000000000800ea40      0x118 ./PeripheralDrivers/Src/oled.o
                0x000000000800ea40                OLED_Init
 .text.snprintf
                0x000000000800eb58       0x68 /Applications/STM32CubeIDE.app/Contents/Eclipse/plugins/com.st.stm32cube.ide.mcu.externaltools.gnu-tools-for-stm32.11.3.rel1.macos64_1.1.100.202310310803/tools/bin/../lib/gcc/arm-none-eabi/11.3.1/../../../../arm-none-eabi/lib/thumb/v7e-m+fp/hard/libc_nano.a(libc_a-snprintf.o)
                0x000000000800eb58                snprintf
                0x000000000800eb58                sniprintf
 .text.memset   0x000000000800ebc0       0x10 /Applications/STM32CubeIDE.app/Contents/Eclipse/plugins/com.st.stm32cube.ide.mcu.externaltools.gnu-tools-for-stm32.11.3.rel1.macos64_1.1.100.202310310803/tools/bin/../lib/gcc/arm-none-eabi/11.3.1/../../../../arm-none-eabi/lib/thumb/v7e-m+fp/hard/libc_nano.a(libc_a-memset.o)
                0x000000000800ebc0                memset
 .text.__errno  0x000000000800ebd0        0xc /Applications/STM32CubeIDE.app/Contents/Eclipse/plugins/com.st.stm32cube.ide.mcu.externaltools.gnu-tools-for-stm32.11.3.rel1.macos64_1.1.100.202310310803/tools/bin/../lib/gcc/arm-none-eabi/11.3.1/../../../../arm-none-eabi/lib/thumb/v7e-m+fp/hard/libc_nano.a(libc_a-errno.o)
                0x000000000800ebd0                __errno
 .text.__libc_init_array
                0x000000000800ebdc       0x48 /Applications/STM32CubeIDE.app/Contents/Eclipse/plugins/com.st.stm32cube.ide.mcu.externaltools.gnu-tools-for-stm32.11.3.rel1.macos64_1.1.100.202310310803/tools/bin/../lib/gcc/arm-none-eabi/11.3.1/../../../../arm-none-eabi/lib/thumb/v7e-m+fp/hard/libc_nano.a(libc_a-init.o)
                0x000000000800ebdc                __libc_init_array
 .text.__retarget_lock_acquire_recursive
                0x000000000800ec24        0x2 /Applications/STM32CubeIDE.app/Contents/Eclipse/plugins/com.st.stm32cube.ide.mcu.externaltools.gnu-tools-for-stm32.11.3.rel1.macos64_1.1.100.202310310803/tools/bin/../lib/gcc/arm-none-eabi/11.3.1/../../../../arm-none-eabi/lib/thumb/v7e-m+fp/hard/libc_nano.a(libc_a-lock.o)
                0x000000000800ec24                __retarget_lock_acquire_recursive
 .text.__retarget_lock_release_recursive
                0x000000000800ec26        0x2 /Applications/STM32CubeIDE.app/Contents/Eclipse/plugins/com.st.stm32cube.ide.mcu.externaltools.gnu-tools-for-stm32.11.3.rel1.macos64_1.1.100.202310310803/tools/bin/../lib/gcc/arm-none-eabi/11.3.1/../../../../arm-none-eabi/lib/thumb/v7e-m+fp/hard/libc_nano.a(libc_a-lock.o)
                0x000000000800ec26                __retarget_lock_release_recursive
 .text.memcpy   0x000000000800ec28       0x1c /Applications/STM32CubeIDE.app/Contents/Eclipse/plugins/com.st.stm32cube.ide.mcu.externaltools.gnu-tools-for-stm32.11.3.rel1.macos64_1.1.100.202310310803/tools/bin/../lib/gcc/arm-none-eabi/11.3.1/../../../../arm-none-eabi/lib/thumb/v7e-m+fp/hard/libc_nano.a(libc_a-memcpy-stub.o)
                0x000000000800ec28                memcpy
 .text.__ssputs_r
                0x000000000800ec44       0xb4 /Applications/STM32CubeIDE.app/Contents/Eclipse/plugins/com.st.stm32cube.ide.mcu.externaltools.gnu-tools-for-stm32.11.3.rel1.macos64_1.1.100.202310310803/tools/bin/../lib/gcc/arm-none-eabi/11.3.1/../../../../arm-none-eabi/lib/thumb/v7e-m+fp/hard/libc_nano.a(libc_a-nano-svfprintf.o)
                0x000000000800ec44                __ssputs_r
 .text._svfprintf_r
                0x000000000800ecf8      0x1fc /Applications/STM32CubeIDE.app/Contents/Eclipse/plugins/com.st.stm32cube.ide.mcu.externaltools.gnu-tools-for-stm32.11.3.rel1.macos64_1.1.100.202310310803/tools/bin/../lib/gcc/arm-none-eabi/11.3.1/../../../../arm-none-eabi/lib/thumb/v7e-m+fp/hard/libc_nano.a(libc_a-nano-svfprintf.o)
                0x000000000800ecf8                _svfprintf_r
                0x000000000800ecf8                _svfiprintf_r
 .text.sbrk_aligned
                0x000000000800eef4       0x40 /Applications/STM32CubeIDE.app/Contents/Eclipse/plugins/com.st.stm32cube.ide.mcu.externaltools.gnu-tools-for-stm32.11.3.rel1.macos64_1.1.100.202310310803/tools/bin/../lib/gcc/arm-none-eabi/11.3.1/../../../../arm-none-eabi/lib/thumb/v7e-m+fp/hard/libc_nano.a(libc_a-mallocr.o)
 .text._malloc_r
                0x000000000800ef34      0x100 /Applications/STM32CubeIDE.app/Contents/Eclipse/plugins/com.st.stm32cube.ide.mcu.externaltools.gnu-tools-for-stm32.11.3.rel1.macos64_1.1.100.202310310803/tools/bin/../lib/gcc/arm-none-eabi/11.3.1/../../../../arm-none-eabi/lib/thumb/v7e-m+fp/hard/libc_nano.a(libc_a-mallocr.o)
                0x000000000800ef34                _malloc_r
 .text._printf_common
                0x000000000800f034       0xda /Applications/STM32CubeIDE.app/Contents/Eclipse/plugins/com.st.stm32cube.ide.mcu.externaltools.gnu-tools-for-stm32.11.3.rel1.macos64_1.1.100.202310310803/tools/bin/../lib/gcc/arm-none-eabi/11.3.1/../../../../arm-none-eabi/lib/thumb/v7e-m+fp/hard/libc_nano.a(libc_a-nano-vfprintf_i.o)
                0x000000000800f034                _printf_common
 *fill*         0x000000000800f10e        0x2 
 .text._printf_i
                0x000000000800f110      0x244 /Applications/STM32CubeIDE.app/Contents/Eclipse/plugins/com.st.stm32cube.ide.mcu.externaltools.gnu-tools-for-stm32.11.3.rel1.macos64_1.1.100.202310310803/tools/bin/../lib/gcc/arm-none-eabi/11.3.1/../../../../arm-none-eabi/lib/thumb/v7e-m+fp/hard/libc_nano.a(libc_a-nano-vfprintf_i.o)
                0x000000000800f110                _printf_i
 .text.__malloc_lock
                0x000000000800f354        0xc /Applications/STM32CubeIDE.app/Contents/Eclipse/plugins/com.st.stm32cube.ide.mcu.externaltools.gnu-tools-for-stm32.11.3.rel1.macos64_1.1.100.202310310803/tools/bin/../lib/gcc/arm-none-eabi/11.3.1/../../../../arm-none-eabi/lib/thumb/v7e-m+fp/hard/libc_nano.a(libc_a-mlock.o)
                0x000000000800f354                __malloc_lock
 .text.__malloc_unlock
                0x000000000800f360        0xc /Applications/STM32CubeIDE.app/Contents/Eclipse/plugins/com.st.stm32cube.ide.mcu.externaltools.gnu-tools-for-stm32.11.3.rel1.macos64_1.1.100.202310310803/tools/bin/../lib/gcc/arm-none-eabi/11.3.1/../../../../arm-none-eabi/lib/thumb/v7e-m+fp/hard/libc_nano.a(libc_a-mlock.o)
                0x000000000800f360                __malloc_unlock
 .text._realloc_r
                0x000000000800f36c       0x5e /Applications/STM32CubeIDE.app/Contents/Eclipse/plugins/com.st.stm32cube.ide.mcu.externaltools.gnu-tools-for-stm32.11.3.rel1.macos64_1.1.100.202310310803/tools/bin/../lib/gcc/arm-none-eabi/11.3.1/../../../../arm-none-eabi/lib/thumb/v7e-m+fp/hard/libc_nano.a(libc_a-reallocr.o)
                0x000000000800f36c                _realloc_r
 .text.memmove  0x000000000800f3ca       0x34 /Applications/STM32CubeIDE.app/Contents/Eclipse/plugins/com.st.stm32cube.ide.mcu.externaltools.gnu-tools-for-stm32.11.3.rel1.macos64_1.1.100.202310310803/tools/bin/../lib/gcc/arm-none-eabi/11.3.1/../../../../arm-none-eabi/lib/thumb/v7e-m+fp/hard/libc_nano.a(libc_a-memmove.o)
                0x000000000800f3ca                memmove
 *fill*         0x000000000800f3fe        0x2 
 .text._sbrk_r  0x000000000800f400       0x20 /Applications/STM32CubeIDE.app/Contents/Eclipse/plugins/com.st.stm32cube.ide.mcu.externaltools.gnu-tools-for-stm32.11.3.rel1.macos64_1.1.100.202310310803/tools/bin/../lib/gcc/arm-none-eabi/11.3.1/../../../../arm-none-eabi/lib/thumb/v7e-m+fp/hard/libc_nano.a(libc_a-sbrkr.o)
                0x000000000800f400                _sbrk_r
 .text._free_r  0x000000000800f420       0x98 /Applications/STM32CubeIDE.app/Contents/Eclipse/plugins/com.st.stm32cube.ide.mcu.externaltools.gnu-tools-for-stm32.11.3.rel1.macos64_1.1.100.202310310803/tools/bin/../lib/gcc/arm-none-eabi/11.3.1/../../../../arm-none-eabi/lib/thumb/v7e-m+fp/hard/libc_nano.a(libc_a-freer.o)
                0x000000000800f420                _free_r
 .text._malloc_usable_size_r
                0x000000000800f4b8       0x10 /Applications/STM32CubeIDE.app/Contents/Eclipse/plugins/com.st.stm32cube.ide.mcu.externaltools.gnu-tools-for-stm32.11.3.rel1.macos64_1.1.100.202310310803/tools/bin/../lib/gcc/arm-none-eabi/11.3.1/../../../../arm-none-eabi/lib/thumb/v7e-m+fp/hard/libc_nano.a(libc_a-msizer.o)
                0x000000000800f4b8                _malloc_usable_size_r
 .text.sqrtf    0x000000000800f4c8       0x3c /Applications/STM32CubeIDE.app/Contents/Eclipse/plugins/com.st.stm32cube.ide.mcu.externaltools.gnu-tools-for-stm32.11.3.rel1.macos64_1.1.100.202310310803/tools/bin/../lib/gcc/arm-none-eabi/11.3.1/../../../../arm-none-eabi/lib/thumb/v7e-m+fp/hard/libm.a(libm_a-wf_sqrt.o)
                0x000000000800f4c8                sqrtf
 .text.atanf    0x000000000800f504      0x1a8 /Applications/STM32CubeIDE.app/Contents/Eclipse/plugins/com.st.stm32cube.ide.mcu.externaltools.gnu-tools-for-stm32.11.3.rel1.macos64_1.1.100.202310310803/tools/bin/../lib/gcc/arm-none-eabi/11.3.1/../../../../arm-none-eabi/lib/thumb/v7e-m+fp/hard/libm.a(libm_a-sf_atan.o)
                0x000000000800f504                atanf
 .text.fabsf    0x000000000800f6ac        0xe /Applications/STM32CubeIDE.app/Contents/Eclipse/plugins/com.st.stm32cube.ide.mcu.externaltools.gnu-tools-for-stm32.11.3.rel1.macos64_1.1.100.202310310803/tools/bin/../lib/gcc/arm-none-eabi/11.3.1/../../../../arm-none-eabi/lib/thumb/v7e-m+fp/hard/libm.a(libm_a-sf_fabs.o)
                0x000000000800f6ac                fabsf
 *fill*         0x000000000800f6ba        0x2 
 .text.tanf     0x000000000800f6bc       0x58 /Applications/STM32CubeIDE.app/Contents/Eclipse/plugins/com.st.stm32cube.ide.mcu.externaltools.gnu-tools-for-stm32.11.3.rel1.macos64_1.1.100.202310310803/tools/bin/../lib/gcc/arm-none-eabi/11.3.1/../../../../arm-none-eabi/lib/thumb/v7e-m+fp/hard/libm.a(libm_a-sf_tan.o)
                0x000000000800f6bc                tanf
 .text.__kernel_tanf
                0x000000000800f714      0x1c0 /Applications/STM32CubeIDE.app/Contents/Eclipse/plugins/com.st.stm32cube.ide.mcu.externaltools.gnu-tools-for-stm32.11.3.rel1.macos64_1.1.100.202310310803/tools/bin/../lib/gcc/arm-none-eabi/11.3.1/../../../../arm-none-eabi/lib/thumb/v7e-m+fp/hard/libm.a(libm_a-kf_tan.o)
                0x000000000800f714                __kernel_tanf
 .text.__ieee754_sqrtf
                0x000000000800f8d4        0x6 /Applications/STM32CubeIDE.app/Contents/Eclipse/plugins/com.st.stm32cube.ide.mcu.externaltools.gnu-tools-for-stm32.11.3.rel1.macos64_1.1.100.202310310803/tools/bin/../lib/gcc/arm-none-eabi/11.3.1/../../../../arm-none-eabi/lib/thumb/v7e-m+fp/hard/libm.a(libm_a-ef_sqrt.o)
                0x000000000800f8d4                __ieee754_sqrtf
 *fill*         0x000000000800f8da        0x2 
 .text.__ieee754_rem_pio2f
                0x000000000800f8dc      0x258 /Applications/STM32CubeIDE.app/Contents/Eclipse/plugins/com.st.stm32cube.ide.mcu.externaltools.gnu-tools-for-stm32.11.3.rel1.macos64_1.1.100.202310310803/tools/bin/../lib/gcc/arm-none-eabi/11.3.1/../../../../arm-none-eabi/lib/thumb/v7e-m+fp/hard/libm.a(libm_a-ef_rem_pio2.o)
                0x000000000800f8dc                __ieee754_rem_pio2f
 .text.__kernel_rem_pio2f
                0x000000000800fb34      0x4e4 /Applications/STM32CubeIDE.app/Contents/Eclipse/plugins/com.st.stm32cube.ide.mcu.externaltools.gnu-tools-for-stm32.11.3.rel1.macos64_1.1.100.202310310803/tools/bin/../lib/gcc/arm-none-eabi/11.3.1/../../../../arm-none-eabi/lib/thumb/v7e-m+fp/hard/libm.a(libm_a-kf_rem_pio2.o)
                0x000000000800fb34                __kernel_rem_pio2f
 .text.floorf   0x0000000008010018       0x84 /Applications/STM32CubeIDE.app/Contents/Eclipse/plugins/com.st.stm32cube.ide.mcu.externaltools.gnu-tools-for-stm32.11.3.rel1.macos64_1.1.100.202310310803/tools/bin/../lib/gcc/arm-none-eabi/11.3.1/../../../../arm-none-eabi/lib/thumb/v7e-m+fp/hard/libm.a(libm_a-sf_floor.o)
                0x0000000008010018                floorf
 .text.scalbnf  0x000000000801009c       0xcc /Applications/STM32CubeIDE.app/Contents/Eclipse/plugins/com.st.stm32cube.ide.mcu.externaltools.gnu-tools-for-stm32.11.3.rel1.macos64_1.1.100.202310310803/tools/bin/../lib/gcc/arm-none-eabi/11.3.1/../../../../arm-none-eabi/lib/thumb/v7e-m+fp/hard/libm.a(libm_a-sf_scalbn.o)
                0x000000000801009c                scalbnf
 *(.glue_7)
 .glue_7        0x0000000008010168        0x0 linker stubs
 *(.glue_7t)
 .glue_7t       0x0000000008010168        0x0 linker stubs
 *(.eh_frame)
 .eh_frame      0x0000000008010168        0x0 /Applications/STM32CubeIDE.app/Contents/Eclipse/plugins/com.st.stm32cube.ide.mcu.externaltools.gnu-tools-for-stm32.11.3.rel1.macos64_1.1.100.202310310803/tools/bin/../lib/gcc/arm-none-eabi/11.3.1/thumb/v7e-m+fp/hard/crtbegin.o
 *(.init)
 .init          0x0000000008010168        0x4 /Applications/STM32CubeIDE.app/Contents/Eclipse/plugins/com.st.stm32cube.ide.mcu.externaltools.gnu-tools-for-stm32.11.3.rel1.macos64_1.1.100.202310310803/tools/bin/../lib/gcc/arm-none-eabi/11.3.1/thumb/v7e-m+fp/hard/crti.o
                0x0000000008010168                _init
 .init          0x000000000801016c        0x8 /Applications/STM32CubeIDE.app/Contents/Eclipse/plugins/com.st.stm32cube.ide.mcu.externaltools.gnu-tools-for-stm32.11.3.rel1.macos64_1.1.100.202310310803/tools/bin/../lib/gcc/arm-none-eabi/11.3.1/thumb/v7e-m+fp/hard/crtn.o
 *(.fini)
 .fini          0x0000000008010174        0x4 /Applications/STM32CubeIDE.app/Contents/Eclipse/plugins/com.st.stm32cube.ide.mcu.externaltools.gnu-tools-for-stm32.11.3.rel1.macos64_1.1.100.202310310803/tools/bin/../lib/gcc/arm-none-eabi/11.3.1/thumb/v7e-m+fp/hard/crti.o
                0x0000000008010174                _fini
 .fini          0x0000000008010178        0x8 /Applications/STM32CubeIDE.app/Contents/Eclipse/plugins/com.st.stm32cube.ide.mcu.externaltools.gnu-tools-for-stm32.11.3.rel1.macos64_1.1.100.202310310803/tools/bin/../lib/gcc/arm-none-eabi/11.3.1/thumb/v7e-m+fp/hard/crtn.o
                0x0000000008010180                . = ALIGN (0x4)
                0x0000000008010180                _etext = .

.vfp11_veneer   0x0000000008010180        0x0
 .vfp11_veneer  0x0000000008010180        0x0 linker stubs

.v4_bx          0x0000000008010180        0x0
 .v4_bx         0x0000000008010180        0x0 linker stubs

.iplt           0x0000000008010180        0x0
 .iplt          0x0000000008010180        0x0 /Applications/STM32CubeIDE.app/Contents/Eclipse/plugins/com.st.stm32cube.ide.mcu.externaltools.gnu-tools-for-stm32.11.3.rel1.macos64_1.1.100.202310310803/tools/bin/../lib/gcc/arm-none-eabi/11.3.1/thumb/v7e-m+fp/hard/crtbegin.o

.rodata         0x0000000008010180      0xb5c
                0x0000000008010180                . = ALIGN (0x4)
 *(.rodata)
 .rodata        0x0000000008010180       0xc0 ./Core/Src/main.o
 .rodata        0x0000000008010240        0x5 ./Middlewares/Third_Party/FreeRTOS/Source/tasks.o
 *fill*         0x0000000008010245        0x3 
 .rodata        0x0000000008010248        0xd ./Middlewares/Third_Party/FreeRTOS/Source/timers.o
 *(.rodata*)
 *fill*         0x0000000008010255        0x3 
 .rodata.oledTask_attributes
                0x0000000008010258       0x24 ./Core/Src/main.o
                0x0000000008010258                oledTask_attributes
 .rodata.commandTask_attributes
                0x000000000801027c       0x24 ./Core/Src/main.o
                0x000000000801027c                commandTask_attributes
 .rodata.ADCTask_attributes
                0x00000000080102a0       0x24 ./Core/Src/main.o
                0x00000000080102a0                ADCTask_attributes
 .rodata.moveDistTask_attributes
                0x00000000080102c4       0x24 ./Core/Src/main.o
                0x00000000080102c4                moveDistTask_attributes
 .rodata.fastestPathTask_attributes
                0x00000000080102e8       0x24 ./Core/Src/main.o
                0x00000000080102e8                fastestPathTask_attributes
 .rodata.buzzerTask_attributes
                0x000000000801030c       0x24 ./Core/Src/main.o
                0x000000000801030c                buzzerTask_attributes
 .rodata.FLTask_attributes
                0x0000000008010330       0x24 ./Core/Src/main.o
                0x0000000008010330                FLTask_attributes
 .rodata.FRTask_attributes
                0x0000000008010354       0x24 ./Core/Src/main.o
                0x0000000008010354                FRTask_attributes
 .rodata.BLTask_attributes
                0x0000000008010378       0x24 ./Core/Src/main.o
                0x0000000008010378                BLTask_attributes
 .rodata.BRTask_attributes
                0x000000000801039c       0x24 ./Core/Src/main.o
                0x000000000801039c                BRTask_attributes
 .rodata.fastestPathV2_attributes
                0x00000000080103c0       0x24 ./Core/Src/main.o
                0x00000000080103c0                fastestPathV2_attributes
 .rodata.batteryTask_attributes
                0x00000000080103e4       0x24 ./Core/Src/main.o
                0x00000000080103e4                batteryTask_attributes
 .rodata.moveDistObsTask_attributes
                0x0000000008010408       0x24 ./Core/Src/main.o
                0x0000000008010408                moveDistObsTask_attributes
 .rodata.AHBPrescTable
                0x000000000801042c       0x10 ./Core/Src/system_stm32f4xx.o
                0x000000000801042c                AHBPrescTable
 .rodata.APBPrescTable
                0x000000000801043c        0x8 ./Core/Src/system_stm32f4xx.o
                0x000000000801043c                APBPrescTable
 .rodata.oled_asc2_1206
                0x0000000008010444      0x474 ./PeripheralDrivers/Src/oled.o
                0x0000000008010444                oled_asc2_1206
 .rodata._svfprintf_r.str1.1
                0x00000000080108b8       0x11 /Applications/STM32CubeIDE.app/Contents/Eclipse/plugins/com.st.stm32cube.ide.mcu.externaltools.gnu-tools-for-stm32.11.3.rel1.macos64_1.1.100.202310310803/tools/bin/../lib/gcc/arm-none-eabi/11.3.1/../../../../arm-none-eabi/lib/thumb/v7e-m+fp/hard/libc_nano.a(libc_a-nano-svfprintf.o)
 .rodata._printf_i.str1.1
                0x00000000080108c9       0x22 /Applications/STM32CubeIDE.app/Contents/Eclipse/plugins/com.st.stm32cube.ide.mcu.externaltools.gnu-tools-for-stm32.11.3.rel1.macos64_1.1.100.202310310803/tools/bin/../lib/gcc/arm-none-eabi/11.3.1/../../../../arm-none-eabi/lib/thumb/v7e-m+fp/hard/libc_nano.a(libc_a-nano-vfprintf_i.o)
 *fill*         0x00000000080108eb        0x1 
 .rodata.atanhi
                0x00000000080108ec       0x10 /Applications/STM32CubeIDE.app/Contents/Eclipse/plugins/com.st.stm32cube.ide.mcu.externaltools.gnu-tools-for-stm32.11.3.rel1.macos64_1.1.100.202310310803/tools/bin/../lib/gcc/arm-none-eabi/11.3.1/../../../../arm-none-eabi/lib/thumb/v7e-m+fp/hard/libm.a(libm_a-sf_atan.o)
 .rodata.atanlo
                0x00000000080108fc       0x10 /Applications/STM32CubeIDE.app/Contents/Eclipse/plugins/com.st.stm32cube.ide.mcu.externaltools.gnu-tools-for-stm32.11.3.rel1.macos64_1.1.100.202310310803/tools/bin/../lib/gcc/arm-none-eabi/11.3.1/../../../../arm-none-eabi/lib/thumb/v7e-m+fp/hard/libm.a(libm_a-sf_atan.o)
 .rodata.npio2_hw
                0x000000000801090c       0x80 /Applications/STM32CubeIDE.app/Contents/Eclipse/plugins/com.st.stm32cube.ide.mcu.externaltools.gnu-tools-for-stm32.11.3.rel1.macos64_1.1.100.202310310803/tools/bin/../lib/gcc/arm-none-eabi/11.3.1/../../../../arm-none-eabi/lib/thumb/v7e-m+fp/hard/libm.a(libm_a-ef_rem_pio2.o)
 .rodata.two_over_pi
                0x000000000801098c      0x318 /Applications/STM32CubeIDE.app/Contents/Eclipse/plugins/com.st.stm32cube.ide.mcu.externaltools.gnu-tools-for-stm32.11.3.rel1.macos64_1.1.100.202310310803/tools/bin/../lib/gcc/arm-none-eabi/11.3.1/../../../../arm-none-eabi/lib/thumb/v7e-m+fp/hard/libm.a(libm_a-ef_rem_pio2.o)
 .rodata.PIo2   0x0000000008010ca4       0x2c /Applications/STM32CubeIDE.app/Contents/Eclipse/plugins/com.st.stm32cube.ide.mcu.externaltools.gnu-tools-for-stm32.11.3.rel1.macos64_1.1.100.202310310803/tools/bin/../lib/gcc/arm-none-eabi/11.3.1/../../../../arm-none-eabi/lib/thumb/v7e-m+fp/hard/libm.a(libm_a-kf_rem_pio2.o)
 .rodata.init_jk
                0x0000000008010cd0        0xc /Applications/STM32CubeIDE.app/Contents/Eclipse/plugins/com.st.stm32cube.ide.mcu.externaltools.gnu-tools-for-stm32.11.3.rel1.macos64_1.1.100.202310310803/tools/bin/../lib/gcc/arm-none-eabi/11.3.1/../../../../arm-none-eabi/lib/thumb/v7e-m+fp/hard/libm.a(libm_a-kf_rem_pio2.o)
                0x0000000008010cdc                . = ALIGN (0x4)

.ARM.extab      0x0000000008010cdc        0x0
                0x0000000008010cdc                . = ALIGN (0x4)
 *(.ARM.extab* .gnu.linkonce.armextab.*)
                0x0000000008010cdc                . = ALIGN (0x4)

.ARM            0x0000000008010cdc        0x8
                0x0000000008010cdc                . = ALIGN (0x4)
                0x0000000008010cdc                __exidx_start = .
 *(.ARM.exidx*)
 .ARM.exidx     0x0000000008010cdc        0x8 /Applications/STM32CubeIDE.app/Contents/Eclipse/plugins/com.st.stm32cube.ide.mcu.externaltools.gnu-tools-for-stm32.11.3.rel1.macos64_1.1.100.202310310803/tools/bin/../lib/gcc/arm-none-eabi/11.3.1/thumb/v7e-m+fp/hard/libgcc.a(_udivmoddi4.o)
                0x0000000008010ce4                __exidx_end = .
                0x0000000008010ce4                . = ALIGN (0x4)

.rel.dyn        0x0000000008010ce4        0x0
 .rel.iplt      0x0000000008010ce4        0x0 /Applications/STM32CubeIDE.app/Contents/Eclipse/plugins/com.st.stm32cube.ide.mcu.externaltools.gnu-tools-for-stm32.11.3.rel1.macos64_1.1.100.202310310803/tools/bin/../lib/gcc/arm-none-eabi/11.3.1/thumb/v7e-m+fp/hard/crtbegin.o

.preinit_array  0x0000000008010ce4        0x0
                0x0000000008010ce4                . = ALIGN (0x4)
                0x0000000008010ce4                PROVIDE (__preinit_array_start = .)
 *(.preinit_array*)
                0x0000000008010ce4                PROVIDE (__preinit_array_end = .)
                0x0000000008010ce4                . = ALIGN (0x4)

.init_array     0x0000000008010ce4        0x4
                0x0000000008010ce4                . = ALIGN (0x4)
                0x0000000008010ce4                PROVIDE (__init_array_start = .)
 *(SORT_BY_NAME(.init_array.*))
 *(.init_array*)
 .init_array    0x0000000008010ce4        0x4 /Applications/STM32CubeIDE.app/Contents/Eclipse/plugins/com.st.stm32cube.ide.mcu.externaltools.gnu-tools-for-stm32.11.3.rel1.macos64_1.1.100.202310310803/tools/bin/../lib/gcc/arm-none-eabi/11.3.1/thumb/v7e-m+fp/hard/crtbegin.o
                0x0000000008010ce8                PROVIDE (__init_array_end = .)
                0x0000000008010ce8                . = ALIGN (0x4)

.fini_array     0x0000000008010ce8        0x4
                0x0000000008010ce8                . = ALIGN (0x4)
                [!provide]                        PROVIDE (__fini_array_start = .)
 *(SORT_BY_NAME(.fini_array.*))
 *(.fini_array*)
 .fini_array    0x0000000008010ce8        0x4 /Applications/STM32CubeIDE.app/Contents/Eclipse/plugins/com.st.stm32cube.ide.mcu.externaltools.gnu-tools-for-stm32.11.3.rel1.macos64_1.1.100.202310310803/tools/bin/../lib/gcc/arm-none-eabi/11.3.1/thumb/v7e-m+fp/hard/crtbegin.o
                [!provide]                        PROVIDE (__fini_array_end = .)
                0x0000000008010cec                . = ALIGN (0x4)
                0x0000000008010cec                _sidata = LOADADDR (.data)

.data           0x0000000020000000      0x1a0 load address 0x0000000008010cec
                0x0000000020000000                . = ALIGN (0x4)
                0x0000000020000000                _sdata = .
 *(.data)
 *(.data*)
 .data.RX_BUFFER_SIZE
                0x0000000020000000        0x1 ./Core/Src/main.o
                0x0000000020000000                RX_BUFFER_SIZE
 .data.CMD_BUFFER_SIZE
                0x0000000020000001        0x1 ./Core/Src/main.o
                0x0000000020000001                CMD_BUFFER_SIZE
 *fill*         0x0000000020000002        0x2 
 .data.cfgs     0x0000000020000004      0x130 ./Core/Src/main.o
                0x0000000020000004                cfgs
 .data.curTask  0x0000000020000134        0x1 ./Core/Src/main.o
                0x0000000020000134                curTask
 .data.prevTask
                0x0000000020000135        0x1 ./Core/Src/main.o
                0x0000000020000135                prevTask
 .data.moveMode
                0x0000000020000136        0x1 ./Core/Src/main.o
                0x0000000020000136                moveMode
 *fill*         0x0000000020000137        0x1 
 .data.speedScale
                0x0000000020000138        0x4 ./Core/Src/main.o
                0x0000000020000138                speedScale
 .data.dir      0x000000002000013c        0x1 ./Core/Src/main.o
                0x000000002000013c                dir
 *fill*         0x000000002000013d        0x3 
 .data.SystemCoreClock
                0x0000000020000140        0x4 ./Core/Src/system_stm32f4xx.o
                0x0000000020000140                SystemCoreClock
 .data.uwTickPrio
                0x0000000020000144        0x4 ./Drivers/STM32F4xx_HAL_Driver/Src/stm32f4xx_hal.o
                0x0000000020000144                uwTickPrio
 .data.uwTickFreq
                0x0000000020000148        0x1 ./Drivers/STM32F4xx_HAL_Driver/Src/stm32f4xx_hal.o
                0x0000000020000148                uwTickFreq
 *fill*         0x0000000020000149        0x3 
 .data.uxCriticalNesting
                0x000000002000014c        0x4 ./Middlewares/Third_Party/FreeRTOS/Source/portable/GCC/ARM_CM4F/port.o
 .data._impure_data
                0x0000000020000150       0x4c /Applications/STM32CubeIDE.app/Contents/Eclipse/plugins/com.st.stm32cube.ide.mcu.externaltools.gnu-tools-for-stm32.11.3.rel1.macos64_1.1.100.202310310803/tools/bin/../lib/gcc/arm-none-eabi/11.3.1/../../../../arm-none-eabi/lib/thumb/v7e-m+fp/hard/libc_nano.a(libc_a-impure.o)
                0x0000000020000150                _impure_data
 .data._impure_ptr
                0x000000002000019c        0x4 /Applications/STM32CubeIDE.app/Contents/Eclipse/plugins/com.st.stm32cube.ide.mcu.externaltools.gnu-tools-for-stm32.11.3.rel1.macos64_1.1.100.202310310803/tools/bin/../lib/gcc/arm-none-eabi/11.3.1/../../../../arm-none-eabi/lib/thumb/v7e-m+fp/hard/libc_nano.a(libc_a-impure.o)
                0x000000002000019c                _impure_ptr
 *(.RamFunc)
 *(.RamFunc*)
                0x00000000200001a0                . = ALIGN (0x4)
                0x00000000200001a0                _edata = .
                0x0000000008010e8c                _siccmram = LOADADDR (.ccmram)

.igot.plt       0x00000000200001a0        0x0 load address 0x0000000008010e8c
 .igot.plt      0x00000000200001a0        0x0 /Applications/STM32CubeIDE.app/Contents/Eclipse/plugins/com.st.stm32cube.ide.mcu.externaltools.gnu-tools-for-stm32.11.3.rel1.macos64_1.1.100.202310310803/tools/bin/../lib/gcc/arm-none-eabi/11.3.1/thumb/v7e-m+fp/hard/crtbegin.o

.ccmram         0x0000000010000000        0x0 load address 0x0000000008010e8c
                0x0000000010000000                . = ALIGN (0x4)
                0x0000000010000000                _sccmram = .
 *(.ccmram)
 *(.ccmram*)
                0x0000000010000000                . = ALIGN (0x4)
                0x0000000010000000                _eccmram = .
                0x0000000010000000                . = ALIGN (0x4)

.bss            0x00000000200001a0     0x5284
                0x00000000200001a0                _sbss = .
                0x00000000200001a0                __bss_start__ = _sbss
 *(.bss)
 .bss           0x00000000200001a0       0x1c /Applications/STM32CubeIDE.app/Contents/Eclipse/plugins/com.st.stm32cube.ide.mcu.externaltools.gnu-tools-for-stm32.11.3.rel1.macos64_1.1.100.202310310803/tools/bin/../lib/gcc/arm-none-eabi/11.3.1/thumb/v7e-m+fp/hard/crtbegin.o
 *(.bss*)
 .bss.hadc1     0x00000000200001bc       0x48 ./Core/Src/main.o
                0x00000000200001bc                hadc1
 .bss.hadc2     0x0000000020000204       0x48 ./Core/Src/main.o
                0x0000000020000204                hadc2
 .bss.hi2c1     0x000000002000024c       0x54 ./Core/Src/main.o
                0x000000002000024c                hi2c1
 .bss.htim1     0x00000000200002a0       0x48 ./Core/Src/main.o
                0x00000000200002a0                htim1
 .bss.htim2     0x00000000200002e8       0x48 ./Core/Src/main.o
                0x00000000200002e8                htim2
 .bss.htim3     0x0000000020000330       0x48 ./Core/Src/main.o
                0x0000000020000330                htim3
 .bss.htim4     0x0000000020000378       0x48 ./Core/Src/main.o
                0x0000000020000378                htim4
 .bss.htim8     0x00000000200003c0       0x48 ./Core/Src/main.o
                0x00000000200003c0                htim8
 .bss.huart3    0x0000000020000408       0x44 ./Core/Src/main.o
                0x0000000020000408                huart3
 .bss.oledTaskHandle
                0x000000002000044c        0x4 ./Core/Src/main.o
                0x000000002000044c                oledTaskHandle
 .bss.commandTaskHandle
                0x0000000020000450        0x4 ./Core/Src/main.o
                0x0000000020000450                commandTaskHandle
 .bss.ADCTaskHandle
                0x0000000020000454        0x4 ./Core/Src/main.o
                0x0000000020000454                ADCTaskHandle
 .bss.moveDistTaskHandle
                0x0000000020000458        0x4 ./Core/Src/main.o
                0x0000000020000458                moveDistTaskHandle
 .bss.fastestPathTaskHandle
                0x000000002000045c        0x4 ./Core/Src/main.o
                0x000000002000045c                fastestPathTaskHandle
 .bss.buzzerTaskHandle
                0x0000000020000460        0x4 ./Core/Src/main.o
                0x0000000020000460                buzzerTaskHandle
 .bss.FLTaskHandle
                0x0000000020000464        0x4 ./Core/Src/main.o
                0x0000000020000464                FLTaskHandle
 .bss.FRTaskHandle
                0x0000000020000468        0x4 ./Core/Src/main.o
                0x0000000020000468                FRTaskHandle
 .bss.BLTaskHandle
                0x000000002000046c        0x4 ./Core/Src/main.o
                0x000000002000046c                BLTaskHandle
 .bss.BRTaskHandle
                0x0000000020000470        0x4 ./Core/Src/main.o
                0x0000000020000470                BRTaskHandle
 .bss.fastestPathV2Handle
                0x0000000020000474        0x4 ./Core/Src/main.o
                0x0000000020000474                fastestPathV2Handle
 .bss.batteryTaskHandle
                0x0000000020000478        0x4 ./Core/Src/main.o
                0x0000000020000478                batteryTaskHandle
 .bss.moveDistObsTaskHandle
                0x000000002000047c        0x4 ./Core/Src/main.o
                0x000000002000047c                moveDistObsTaskHandle
 .bss.aRxBuffer
                0x0000000020000480        0xa ./Core/Src/main.o
                0x0000000020000480                aRxBuffer
 *fill*         0x000000002000048a        0x2 
 .bss.cQueue    0x000000002000048c       0x34 ./Core/Src/main.o
                0x000000002000048c                cQueue
 .bss.curCmd    0x00000000200004c0        0x4 ./Core/Src/main.o
                0x00000000200004c0                curCmd
 .bss.rxMsg     0x00000000200004c4       0x10 ./Core/Src/main.o
                0x00000000200004c4                rxMsg
 .bss.ch        0x00000000200004d4       0x10 ./Core/Src/main.o
                0x00000000200004d4                ch
 .bss.manualMode
                0x00000000200004e4        0x1 ./Core/Src/main.o
                0x00000000200004e4                manualMode
 *fill*         0x00000000200004e5        0x3 
 .bss.targetAngle
                0x00000000200004e8        0x4 ./Core/Src/main.o
                0x00000000200004e8                targetAngle
 .bss.angleNow  0x00000000200004ec        0x4 ./Core/Src/main.o
                0x00000000200004ec                angleNow
 .bss.readGyroZData
                0x00000000200004f0        0x2 ./Core/Src/main.o
                0x00000000200004f0                readGyroZData
 .bss.gyroZ     0x00000000200004f2        0x2 ./Core/Src/main.o
                0x00000000200004f2                gyroZ
 .bss.newDutyL  0x00000000200004f4        0x2 ./Core/Src/main.o
                0x00000000200004f4                newDutyL
 .bss.newDutyR  0x00000000200004f6        0x2 ./Core/Src/main.o
                0x00000000200004f6                newDutyR
 .bss.last_curTask_tick
                0x00000000200004f8        0x4 ./Core/Src/main.o
                0x00000000200004f8                last_curTask_tick
 .bss.targetDist
                0x00000000200004fc        0x4 ./Core/Src/main.o
                0x00000000200004fc                targetDist
 .bss.curDistTick
                0x0000000020000500        0x2 ./Core/Src/main.o
                0x0000000020000500                curDistTick
 .bss.targetDistTick
                0x0000000020000502        0x2 ./Core/Src/main.o
                0x0000000020000502                targetDistTick