../Core/Src/stm32f4xx_it.c:73:6:NMI_Handler	0	static
../Core/Src/stm32f4xx_it.c:88:6:HardFault_Handler	0	static
../Core/Src/stm32f4xx_it.c:103:6:MemManage_Handler	0	static
../Core/Src/stm32f4xx_it.c:118:6:BusFault_Handler	0	static
../Core/Src/stm32f4xx_it.c:133:6:UsageFault_Handler	0	static
../Core/Src/stm32f4xx_it.c:148:6:DebugMon_Handler	0	static
../Core/Src/stm32f4xx_it.c:161:6:SysTick_Handler	8	static
../Core/Src/stm32f4xx_it.c:190:6:EXTI9_5_IRQHandler	0	static
../Core/Src/stm32f4xx_it.c:204:6:TIM1_UP_TIM10_IRQHandler	0	static
../Core/Src/stm32f4xx_it.c:218:6:TIM4_IRQHandler	0	static
../Core/Src/stm32f4xx_it.c:232:6:USART3_IRQHandler	0	static
