../PeripheralDrivers/Src/oled.c:7:6:OLED_Refresh_Gram	16	static
../PeripheralDrivers/Src/oled.c:19:6:OLED_WR_Byte	24	static
../PeripheralDrivers/Src/oled.c:36:6:OLED_Display_On	8	static
../PeripheralDrivers/Src/oled.c:43:6:OLED_Display_Off	8	static
../PeripheralDrivers/Src/oled.c:50:6:OLED_Clear	16	static
../PeripheralDrivers/Src/oled.c:59:6:OLED_DrawPoint	24	static
../PeripheralDrivers/Src/oled.c:70:6:OLED_Fill	32	static
../PeripheralDrivers/Src/oled.c:80:6:OLED_ShowChar	32	static
../PeripheralDrivers/Src/oled.c:109:10:oled_pow	24	static
../PeripheralDrivers/Src/oled.c:121:6:OLED_ShowNumber	40	static
../PeripheralDrivers/Src/oled.c:140:6:OLED_ShowString	24	static
../PeripheralDrivers/Src/oled.c:193:6:OLED_Init	8	static
